main.c:94:5:main	8	static
main.c:188:6:SystemClock_Config	104	static
main.c:238:13:MX_ADC1_Init	24	static
main.c:288:13:MX_I2C2_Init	8	static
main.c:322:13:MX_IWDG_Init	8	static
main.c:350:13:MX_RTC_Init	32	static
main.c:415:13:MX_SPI2_Init	8	static
main.c:453:13:MX_TIM1_Init	32	static
main.c:502:13:MX_TIM2_Init	32	static
main.c:550:13:MX_TIM3_Init	32	static
main.c:595:13:MX_USART2_UART_Init	8	static
main.c:628:13:MX_GPIO_Init	48	static
main.c:687:6:HAL_GPIO_EXTI_Callback	40	static,ignoring_inline_asm
main.c:711:6:HAL_TIM_PeriodElapsedCallback	64	static
main.c:729:6:Error_Handler	4	static,ignoring_inline_asm
