Archive member included to satisfy reference by file (symbol)

c:/st/stm32cubeide_1.3.0/stm32cubeide/plugins/com.st.stm32cube.ide.mcu.externaltools.gnu-tools-for-stm32.7-2018-q2-update.win32_1.5.0.202011040924/tools/bin/../lib/gcc/arm-none-eabi/7.3.1/../../../../arm-none-eabi/lib/thumb/v7e-m/fpv4-sp/hard\libc_nano.a(lib_a-errno.o)
                              Core/Src/syscalls.o (__errno)
c:/st/stm32cubeide_1.3.0/stm32cubeide/plugins/com.st.stm32cube.ide.mcu.externaltools.gnu-tools-for-stm32.7-2018-q2-update.win32_1.5.0.202011040924/tools/bin/../lib/gcc/arm-none-eabi/7.3.1/../../../../arm-none-eabi/lib/thumb/v7e-m/fpv4-sp/hard\libc_nano.a(lib_a-exit.o)
                              c:/st/stm32cubeide_1.3.0/stm32cubeide/plugins/com.st.stm32cube.ide.mcu.externaltools.gnu-tools-for-stm32.7-2018-q2-update.win32_1.5.0.202011040924/tools/bin/../lib/gcc/arm-none-eabi/7.3.1/../../../../arm-none-eabi/lib/thumb/v7e-m/fpv4-sp/hard/crt0.o (exit)
c:/st/stm32cubeide_1.3.0/stm32cubeide/plugins/com.st.stm32cube.ide.mcu.externaltools.gnu-tools-for-stm32.7-2018-q2-update.win32_1.5.0.202011040924/tools/bin/../lib/gcc/arm-none-eabi/7.3.1/../../../../arm-none-eabi/lib/thumb/v7e-m/fpv4-sp/hard\libc_nano.a(lib_a-impure.o)
                              c:/st/stm32cubeide_1.3.0/stm32cubeide/plugins/com.st.stm32cube.ide.mcu.externaltools.gnu-tools-for-stm32.7-2018-q2-update.win32_1.5.0.202011040924/tools/bin/../lib/gcc/arm-none-eabi/7.3.1/../../../../arm-none-eabi/lib/thumb/v7e-m/fpv4-sp/hard\libc_nano.a(lib_a-exit.o) (_global_impure_ptr)
c:/st/stm32cubeide_1.3.0/stm32cubeide/plugins/com.st.stm32cube.ide.mcu.externaltools.gnu-tools-for-stm32.7-2018-q2-update.win32_1.5.0.202011040924/tools/bin/../lib/gcc/arm-none-eabi/7.3.1/../../../../arm-none-eabi/lib/thumb/v7e-m/fpv4-sp/hard\libc_nano.a(lib_a-init.o)
                              c:/st/stm32cubeide_1.3.0/stm32cubeide/plugins/com.st.stm32cube.ide.mcu.externaltools.gnu-tools-for-stm32.7-2018-q2-update.win32_1.5.0.202011040924/tools/bin/../lib/gcc/arm-none-eabi/7.3.1/../../../../arm-none-eabi/lib/thumb/v7e-m/fpv4-sp/hard/crt0.o (__libc_init_array)
c:/st/stm32cubeide_1.3.0/stm32cubeide/plugins/com.st.stm32cube.ide.mcu.externaltools.gnu-tools-for-stm32.7-2018-q2-update.win32_1.5.0.202011040924/tools/bin/../lib/gcc/arm-none-eabi/7.3.1/../../../../arm-none-eabi/lib/thumb/v7e-m/fpv4-sp/hard\libc_nano.a(lib_a-memcpy-stub.o)
                              Core/Src/main.o (memcpy)
c:/st/stm32cubeide_1.3.0/stm32cubeide/plugins/com.st.stm32cube.ide.mcu.externaltools.gnu-tools-for-stm32.7-2018-q2-update.win32_1.5.0.202011040924/tools/bin/../lib/gcc/arm-none-eabi/7.3.1/../../../../arm-none-eabi/lib/thumb/v7e-m/fpv4-sp/hard\libc_nano.a(lib_a-memset.o)
                              c:/st/stm32cubeide_1.3.0/stm32cubeide/plugins/com.st.stm32cube.ide.mcu.externaltools.gnu-tools-for-stm32.7-2018-q2-update.win32_1.5.0.202011040924/tools/bin/../lib/gcc/arm-none-eabi/7.3.1/../../../../arm-none-eabi/lib/thumb/v7e-m/fpv4-sp/hard/crt0.o (memset)
c:/st/stm32cubeide_1.3.0/stm32cubeide/plugins/com.st.stm32cube.ide.mcu.externaltools.gnu-tools-for-stm32.7-2018-q2-update.win32_1.5.0.202011040924/tools/bin/../lib/gcc/arm-none-eabi/7.3.1/../../../../arm-none-eabi/lib/thumb/v7e-m/fpv4-sp/hard\libc_nano.a(lib_a-sprintf.o)
                              Core/Src/main.o (sprintf)
c:/st/stm32cubeide_1.3.0/stm32cubeide/plugins/com.st.stm32cube.ide.mcu.externaltools.gnu-tools-for-stm32.7-2018-q2-update.win32_1.5.0.202011040924/tools/bin/../lib/gcc/arm-none-eabi/7.3.1/../../../../arm-none-eabi/lib/thumb/v7e-m/fpv4-sp/hard\libc_nano.a(lib_a-strlen.o)
                              Core/Src/main.o (strlen)
c:/st/stm32cubeide_1.3.0/stm32cubeide/plugins/com.st.stm32cube.ide.mcu.externaltools.gnu-tools-for-stm32.7-2018-q2-update.win32_1.5.0.202011040924/tools/bin/../lib/gcc/arm-none-eabi/7.3.1/../../../../arm-none-eabi/lib/thumb/v7e-m/fpv4-sp/hard\libc_nano.a(lib_a-strncmp.o)
                              Core/TraceAnalyzer/trcSnapshotRecorder.o (strncmp)
c:/st/stm32cubeide_1.3.0/stm32cubeide/plugins/com.st.stm32cube.ide.mcu.externaltools.gnu-tools-for-stm32.7-2018-q2-update.win32_1.5.0.202011040924/tools/bin/../lib/gcc/arm-none-eabi/7.3.1/../../../../arm-none-eabi/lib/thumb/v7e-m/fpv4-sp/hard\libc_nano.a(lib_a-nano-svfprintf.o)
                              c:/st/stm32cubeide_1.3.0/stm32cubeide/plugins/com.st.stm32cube.ide.mcu.externaltools.gnu-tools-for-stm32.7-2018-q2-update.win32_1.5.0.202011040924/tools/bin/../lib/gcc/arm-none-eabi/7.3.1/../../../../arm-none-eabi/lib/thumb/v7e-m/fpv4-sp/hard\libc_nano.a(lib_a-sprintf.o) (_svfprintf_r)
c:/st/stm32cubeide_1.3.0/stm32cubeide/plugins/com.st.stm32cube.ide.mcu.externaltools.gnu-tools-for-stm32.7-2018-q2-update.win32_1.5.0.202011040924/tools/bin/../lib/gcc/arm-none-eabi/7.3.1/../../../../arm-none-eabi/lib/thumb/v7e-m/fpv4-sp/hard\libc_nano.a(lib_a-nano-vfprintf_i.o)
[...]
Memory Configuration

Name             Origin             Length             Attributes
RAM              0x0000000020000000 0x0000000000018000 xrw
FLASH            0x0000000008000000 0x0000000000080000 xr
*default*        0x0000000000000000 0xffffffffffffffff

Linker script and memory map

LOAD c:/st/stm32cubeide_1.3.0/stm32cubeide/plugins/com.st.stm32cube.ide.mcu.externaltools.gnu-tools-for-stm32.7-2018-q2-update.win32_1.5.0.202011040924/tools/bin/../lib/gcc/arm-none-eabi/7.3.1/thumb/v7e-m/fpv4-sp/hard/crti.o
LOAD c:/st/stm32cubeide_1.3.0/stm32cubeide/plugins/com.st.stm32cube.ide.mcu.externaltools.gnu-tools-for-stm32.7-2018-q2-update.win32_1.5.0.202011040924/tools/bin/../lib/gcc/arm-none-eabi/7.3.1/thumb/v7e-m/fpv4-sp/hard/crtbegin.o
LOAD c:/st/stm32cubeide_1.3.0/stm32cubeide/plugins/com.st.stm32cube.ide.mcu.externaltools.gnu-tools-for-stm32.7-2018-q2-update.win32_1.5.0.202011040924/tools/bin/../lib/gcc/arm-none-eabi/7.3.1/../../../../arm-none-eabi/lib/thumb/v7e-m/fpv4-sp/hard/crt0.o
LOAD Core/Src/freertos.o
LOAD Core/Src/main.o
LOAD Core/Src/stm32f4xx_hal_msp.o
LOAD Core/Src/stm32f4xx_hal_timebase_tim.o
LOAD Core/Src/stm32f4xx_it.o
LOAD Core/Src/syscalls.o
LOAD Core/Src/sysmem.o
LOAD Core/Src/system_stm32f4xx.o
LOAD Core/Startup/startup_stm32f401retx.o
LOAD Core/TraceAnalyzer/trcInternalBuffer.o
LOAD Core/TraceAnalyzer/trcKernelPort.o
LOAD Core/TraceAnalyzer/trcSnapshotRecorder.o
LOAD Core/TraceAnalyzer/trcStreamingRecorder.o
LOAD Drivers/STM32F4xx_HAL_Driver/Src/stm32f4xx_hal.o
LOAD Drivers/STM32F4xx_HAL_Driver/Src/stm32f4xx_hal_cortex.o
LOAD Drivers/STM32F4xx_HAL_Driver/Src/stm32f4xx_hal_dma.o
LOAD Drivers/STM32F4xx_HAL_Driver/Src/stm32f4xx_hal_dma_ex.o
LOAD Drivers/STM32F4xx_HAL_Driver/Src/stm32f4xx_hal_exti.o
LOAD Drivers/STM32F4xx_HAL_Driver/Src/stm32f4xx_hal_flash.o
LOAD Drivers/STM32F4xx_HAL_Driver/Src/stm32f4xx_hal_flash_ex.o
LOAD Drivers/STM32F4xx_HAL_Driver/Src/stm32f4xx_hal_flash_ramfunc.o
LOAD Drivers/STM32F4xx_HAL_Driver/Src/stm32f4xx_hal_gpio.o
LOAD Drivers/STM32F4xx_HAL_Driver/Src/stm32f4xx_hal_pwr.o
LOAD Drivers/STM32F4xx_HAL_Driver/Src/stm32f4xx_hal_pwr_ex.o
LOAD Drivers/STM32F4xx_HAL_Driver/Src/stm32f4xx_hal_rcc.o
LOAD Drivers/STM32F4xx_HAL_Driver/Src/stm32f4xx_hal_rcc_ex.o
LOAD Drivers/STM32F4xx_HAL_Driver/Src/stm32f4xx_hal_tim.o
LOAD Drivers/STM32F4xx_HAL_Driver/Src/stm32f4xx_hal_tim_ex.o
LOAD Drivers/STM32F4xx_HAL_Driver/Src/stm32f4xx_hal_uart.o
LOAD Middlewares/Third_Party/FreeRTOS/Source/CMSIS_RTOS_V2/cmsis_os2.o
LOAD Middlewares/Third_Party/FreeRTOS/Source/croutine.o
LOAD Middlewares/Third_Party/FreeRTOS/Source/event_groups.o
LOAD Middlewares/Third_Party/FreeRTOS/Source/list.o
LOAD Middlewares/Third_Party/FreeRTOS/Source/queue.o
LOAD Middlewares/Third_Party/FreeRTOS/Source/stream_buffer.o
LOAD Middlewares/Third_Party/FreeRTOS/Source/tasks.o
LOAD Middlewares/Third_Party/FreeRTOS/Source/timers.o
LOAD Middlewares/Third_Party/FreeRTOS/Source/portable/GCC/ARM_CM4F/port.o
LOAD Middlewares/Third_Party/FreeRTOS/Source/portable/MemMang/heap_4.o
START GROUP
LOAD c:/st/stm32cubeide_1.3.0/stm32cubeide/plugins/com.st.stm32cube.ide.mcu.externaltools.gnu-tools-for-stm32.7-2018-q2-update.win32_1.5.0.202011040924/tools/bin/../lib/gcc/arm-none-eabi/7.3.1/../../../../arm-none-eabi/lib/thumb/v7e-m/fpv4-sp/hard\libc_nano.a
LOAD c:/st/stm32cubeide_1.3.0/stm32cubeide/plugins/com.st.stm32cube.ide.mcu.externaltools.gnu-tools-for-stm32.7-2018-q2-update.win32_1.5.0.202011040924/tools/bin/../lib/gcc/arm-none-eabi/7.3.1/../../../../arm-none-eabi/lib/thumb/v7e-m/fpv4-sp/hard\libm.a
END GROUP
START GROUP
LOAD c:/st/stm32cubeide_1.3.0/stm32cubeide/plugins/com.st.stm32cube.ide.mcu.externaltools.gnu-tools-for-stm32.7-2018-q2-update.win32_1.5.0.202011040924/tools/bin/../lib/gcc/arm-none-eabi/7.3.1/thumb/v7e-m/fpv4-sp/hard\libgcc.a
LOAD c:/st/stm32cubeide_1.3.0/stm32cubeide/plugins/com.st.stm32cube.ide.mcu.externaltools.gnu-tools-for-stm32.7-2018-q2-update.win32_1.5.0.202011040924/tools/bin/../lib/gcc/arm-none-eabi/7.3.1/../../../../arm-none-eabi/lib/thumb/v7e-m/fpv4-sp/hard\libc_nano.a
END GROUP
START GROUP
LOAD c:/st/stm32cubeide_1.3.0/stm32cubeide/plugins/com.st.stm32cube.ide.mcu.externaltools.gnu-tools-for-stm32.7-2018-q2-update.win32_1.5.0.202011040924/tools/bin/../lib/gcc/arm-none-eabi/7.3.1/thumb/v7e-m/fpv4-sp/hard\libgcc.a
LOAD c:/st/stm32cubeide_1.3.0/stm32cubeide/plugins/com.st.stm32cube.ide.mcu.externaltools.gnu-tools-for-stm32.7-2018-q2-update.win32_1.5.0.202011040924/tools/bin/../lib/gcc/arm-none-eabi/7.3.1/../../../../arm-none-eabi/lib/thumb/v7e-m/fpv4-sp/hard\libc_nano.a
LOAD c:/st/stm32cubeide_1.3.0/stm32cubeide/plugins/com.st.stm32cube.ide.mcu.externaltools.gnu-tools-for-stm32.7-2018-q2-update.win32_1.5.0.202011040924/tools/bin/../lib/gcc/arm-none-eabi/7.3.1/../../../../arm-none-eabi/lib/thumb/v7e-m/fpv4-sp/hard\libnosys.a
END GROUP
START GROUP
LOAD c:/st/stm32cubeide_1.3.0/stm32cubeide/plugins/com.st.stm32cube.ide.mcu.externaltools.gnu-tools-for-stm32.7-2018-q2-update.win32_1.5.0.202011040924/tools/bin/../lib/gcc/arm-none-eabi/7.3.1/thumb/v7e-m/fpv4-sp/hard\libgcc.a
LOAD c:/st/stm32cubeide_1.3.0/stm32cubeide/plugins/com.st.stm32cube.ide.mcu.externaltools.gnu-tools-for-stm32.7-2018-q2-update.win32_1.5.0.202011040924/tools/bin/../lib/gcc/arm-none-eabi/7.3.1/../../../../arm-none-eabi/lib/thumb/v7e-m/fpv4-sp/hard\libc_nano.a
LOAD c:/st/stm32cubeide_1.3.0/stm32cubeide/plugins/com.st.stm32cube.ide.mcu.externaltools.gnu-tools-for-stm32.7-2018-q2-update.win32_1.5.0.202011040924/tools/bin/../lib/gcc/arm-none-eabi/7.3.1/../../../../arm-none-eabi/lib/thumb/v7e-m/fpv4-sp/hard\libnosys.a
END GROUP
LOAD c:/st/stm32cubeide_1.3.0/stm32cubeide/plugins/com.st.stm32cube.ide.mcu.externaltools.gnu-tools-for-stm32.7-2018-q2-update.win32_1.5.0.202011040924/tools/bin/../lib/gcc/arm-none-eabi/7.3.1/thumb/v7e-m/fpv4-sp/hard/crtend.o
LOAD c:/st/stm32cubeide_1.3.0/stm32cubeide/plugins/com.st.stm32cube.ide.mcu.externaltools.gnu-tools-for-stm32.7-2018-q2-update.win32_1.5.0.202011040924/tools/bin/../lib/gcc/arm-none-eabi/7.3.1/thumb/v7e-m/fpv4-sp/hard/crtn.o
                0x0000000020018000                _estack = (ORIGIN (RAM) + LENGTH (RAM))
                0x0000000000000200                _Min_Heap_Size = 0x200
                0x0000000000000400                _Min_Stack_Size = 0x400

.isr_vector     0x0000000008000000      0x194
                0x0000000008000000                . = ALIGN (0x4)
 *(.isr_vector)
 .isr_vector    0x0000000008000000      0x194 Core/Startup/startup_stm32f401retx.o
                0x0000000008000000                g_pfnVectors
                0x0000000008000194                . = ALIGN (0x4)

.text           0x00000000080001a0     0x9058
                0x00000000080001a0                . = ALIGN (0x4)
 *(.text)
 .text          0x00000000080001a0       0x40 c:/st/stm32cubeide_1.3.0/stm32cubeide/plugins/com.st.stm32cube.ide.mcu.externaltools.gnu-tools-for-stm32.7-2018-q2-update.win32_1.5.0.202011040924/tools/bin/../lib/gcc/arm-none-eabi/7.3.1/thumb/v7e-m/fpv4-sp/hard/crtbegin.o
 .text          0x00000000080001e0       0x10 c:/st/stm32cubeide_1.3.0/stm32cubeide/plugins/com.st.stm32cube.ide.mcu.externaltools.gnu-tools-for-stm32.7-2018-q2-update.win32_1.5.0.202011040924/tools/bin/../lib/gcc/arm-none-eabi/7.3.1/../../../../arm-none-eabi/lib/thumb/v7e-m/fpv4-sp/hard\libc_nano.a(lib_a-strlen.o)
                0x00000000080001e0                strlen
 .text          0x00000000080001f0       0xa0 c:/st/stm32cubeide_1.3.0/stm32cubeide/plugins/com.st.stm32cube.ide.mcu.externaltools.gnu-tools-for-stm32.7-2018-q2-update.win32_1.5.0.202011040924/tools/bin/../lib/gcc/arm-none-eabi/7.3.1/../../../../arm-none-eabi/lib/thumb/v7e-m/fpv4-sp/hard\libc_nano.a(lib_a-memchr.o)
                0x00000000080001f0                memchr
 .text          0x0000000008000290       0x30 c:/st/stm32cubeide_1.3.0/stm32cubeide/plugins/com.st.stm32cube.ide.mcu.externaltools.gnu-tools-for-stm32.7-2018-q2-update.win32_1.5.0.202011040924/tools/bin/../lib/gcc/arm-none-eabi/7.3.1/thumb/v7e-m/fpv4-sp/hard\libgcc.a(_aeabi_uldivmod.o)
                0x0000000008000290                __aeabi_uldivmod
 .text          0x00000000080002c0      0x2cc c:/st/stm32cubeide_1.3.0/stm32cubeide/plugins/com.st.stm32cube.ide.mcu.externaltools.gnu-tools-for-stm32.7-2018-q2-update.win32_1.5.0.202011040924/tools/bin/../lib/gcc/arm-none-eabi/7.3.1/thumb/v7e-m/fpv4-sp/hard\libgcc.a(_udivmoddi4.o)
                0x00000000080002c0                __udivmoddi4
 .text          0x000000000800058c        0x4 c:/st/stm32cubeide_1.3.0/stm32cubeide/plugins/com.st.stm32cube.ide.mcu.externaltools.gnu-tools-for-stm32.7-2018-q2-update.win32_1.5.0.202011040924/tools/bin/../lib/gcc/arm-none-eabi/7.3.1/thumb/v7e-m/fpv4-sp/hard\libgcc.a(_dvmd_tls.o)
                0x000000000800058c                __aeabi_idiv0
                0x000000000800058c                __aeabi_ldiv0
 *(.text*)
 .text.main     0x0000000008000590      0x104 Core/Src/main.o
                0x0000000008000590                main
 .text.SystemClock_Config
                0x0000000008000694       0xd8 Core/Src/main.o
                0x0000000008000694                SystemClock_Config
 .text.MX_USART2_UART_Init
                0x000000000800076c       0x54 Core/Src/main.o
 .text.MX_GPIO_Init
                0x00000000080007c0       0xe0 Core/Src/main.o
 .text.affiche_message
                0x00000000080008a0       0x50 Core/Src/main.o
                0x00000000080008a0                affiche_message
 .text.vApplicationIdleHook
                0x00000000080008f0        0x6 Core/Src/main.o
                0x00000000080008f0                vApplicationIdleHook
 *fill*         0x00000000080008f6        0x2 
 .text.Tache_arrivee
                0x00000000080008f8      0x120 Core/Src/main.o
                0x00000000080008f8                Tache_arrivee
 .text.Tache_lecture_rapide
                0x0000000008000a18      0x150 Core/Src/main.o
                0x0000000008000a18                Tache_lecture_rapide
 .text.Tache_relecture
                0x0000000008000b68       0xb8 Core/Src/main.o
                0x0000000008000b68                Tache_relecture
 .text.Tache_depart_national
                0x0000000008000c20       0x70 Core/Src/main.o
                0x0000000008000c20                Tache_depart_national
 .text.Tache_depart_international
                0x0000000008000c90       0x70 Core/Src/main.o
                0x0000000008000c90                Tache_depart_international
 .text.HAL_TIM_PeriodElapsedCallback
                0x0000000008000d00       0x1e Core/Src/main.o
                0x0000000008000d00                HAL_TIM_PeriodElapsedCallback
 .text.Error_Handler
                0x0000000008000d1e        0x8 Core/Src/main.o
                0x0000000008000d1e                Error_Handler
 *fill*         0x0000000008000d26        0x2 
 .text.HAL_MspInit
                0x0000000008000d28       0x58 Core/Src/stm32f4xx_hal_msp.o
                0x0000000008000d28                HAL_MspInit
 .text.HAL_UART_MspInit
                0x0000000008000d80       0x90 Core/Src/stm32f4xx_hal_msp.o
                0x0000000008000d80                HAL_UART_MspInit
 .text.HAL_InitTick
                0x0000000008000e10       0xb4 Core/Src/stm32f4xx_hal_timebase_tim.o
                0x0000000008000e10                HAL_InitTick
 .text.NMI_Handler
                0x0000000008000ec4        0x6 Core/Src/stm32f4xx_it.o
                0x0000000008000ec4                NMI_Handler
 .text.HardFault_Handler
                0x0000000008000eca        0x6 Core/Src/stm32f4xx_it.o
                0x0000000008000eca                HardFault_Handler
 .text.MemManage_Handler
                0x0000000008000ed0        0x6 Core/Src/stm32f4xx_it.o
                0x0000000008000ed0                MemManage_Handler
 .text.BusFault_Handler
                0x0000000008000ed6        0x6 Core/Src/stm32f4xx_it.o
                0x0000000008000ed6                BusFault_Handler
 .text.UsageFault_Handler
                0x0000000008000edc        0x6 Core/Src/stm32f4xx_it.o
                0x0000000008000edc                UsageFault_Handler
 .text.DebugMon_Handler
                0x0000000008000ee2        0xe Core/Src/stm32f4xx_it.o
                0x0000000008000ee2                DebugMon_Handler
 .text.TIM2_IRQHandler
                0x0000000008000ef0       0x14 Core/Src/stm32f4xx_it.o
                0x0000000008000ef0                TIM2_IRQHandler
 .text._sbrk    0x0000000008000f04       0x6c Core/Src/sysmem.o
                0x0000000008000f04                _sbrk
 .text.SystemInit
                0x0000000008000f70       0x2c Core/Src/system_stm32f4xx.o
                0x0000000008000f70                SystemInit
 .text.Reset_Handler
                0x0000000008000f9c       0x50 Core/Startup/startup_stm32f401retx.o
                0x0000000008000f9c                Reset_Handler
 .text.Default_Handler
                0x0000000008000fec        0x2 Core/Startup/startup_stm32f401retx.o
                0x0000000008000fec                RTC_Alarm_IRQHandler
                0x0000000008000fec                EXTI2_IRQHandler
                0x0000000008000fec                SPI4_IRQHandler
                0x0000000008000fec                TIM1_CC_IRQHandler
                0x0000000008000fec                DMA2_Stream5_IRQHandler
                0x0000000008000fec                DMA1_Stream5_IRQHandler
                0x0000000008000fec                PVD_IRQHandler
                0x0000000008000fec                SDIO_IRQHandler
                0x0000000008000fec                TAMP_STAMP_IRQHandler
                0x0000000008000fec                EXTI3_IRQHandler
                0x0000000008000fec                TIM1_UP_TIM10_IRQHandler
                0x0000000008000fec                I2C3_ER_IRQHandler
                0x0000000008000fec                EXTI0_IRQHandler
                0x0000000008000fec                I2C2_EV_IRQHandler
                0x0000000008000fec                DMA1_Stream2_IRQHandler
                0x0000000008000fec                FPU_IRQHandler
                0x0000000008000fec                DMA2_Stream2_IRQHandler
                0x0000000008000fec                SPI1_IRQHandler
                0x0000000008000fec                TIM1_BRK_TIM9_IRQHandler
                0x0000000008000fec                DMA2_Stream3_IRQHandler
                0x0000000008000fec                USART6_IRQHandler
                0x0000000008000fec                DMA2_Stream0_IRQHandler
                0x0000000008000fec                TIM4_IRQHandler
                0x0000000008000fec                I2C1_EV_IRQHandler
                0x0000000008000fec                DMA1_Stream6_IRQHandler
                0x0000000008000fec                DMA1_Stream1_IRQHandler
                0x0000000008000fec                TIM3_IRQHandler
                0x0000000008000fec                RCC_IRQHandler
                0x0000000008000fec                Default_Handler
                0x0000000008000fec                EXTI15_10_IRQHandler
                0x0000000008000fec                ADC_IRQHandler
                0x0000000008000fec                DMA1_Stream7_IRQHandler
                0x0000000008000fec                TIM5_IRQHandler
                0x0000000008000fec                DMA2_Stream7_IRQHandler
                0x0000000008000fec                I2C3_EV_IRQHandler
                0x0000000008000fec                EXTI9_5_IRQHandler
                0x0000000008000fec                RTC_WKUP_IRQHandler
                0x0000000008000fec                SPI2_IRQHandler
                0x0000000008000fec                DMA1_Stream0_IRQHandler
                0x0000000008000fec                EXTI4_IRQHandler
                0x0000000008000fec                WWDG_IRQHandler
                0x0000000008000fec                OTG_FS_WKUP_IRQHandler
                0x0000000008000fec                TIM1_TRG_COM_TIM11_IRQHandler
                0x0000000008000fec                EXTI1_IRQHandler
                0x0000000008000fec                USART2_IRQHandler
                0x0000000008000fec                I2C2_ER_IRQHandler
                0x0000000008000fec                DMA2_Stream1_IRQHandler
                0x0000000008000fec                FLASH_IRQHandler
                0x0000000008000fec                DMA2_Stream4_IRQHandler
                0x0000000008000fec                USART1_IRQHandler
                0x0000000008000fec                OTG_FS_IRQHandler
                0x0000000008000fec                SPI3_IRQHandler
                0x0000000008000fec                DMA1_Stream4_IRQHandler
                0x0000000008000fec                I2C1_ER_IRQHandler
                0x0000000008000fec                DMA2_Stream6_IRQHandler
                0x0000000008000fec                DMA1_Stream3_IRQHandler
 .text.prvTraceGetQueueNumber
                0x0000000008000fee       0x18 Core/TraceAnalyzer/trcKernelPort.o
                0x0000000008000fee                prvTraceGetQueueNumber
 .text.prvTraceGetQueueType
                0x0000000008001006       0x18 Core/TraceAnalyzer/trcKernelPort.o
                0x0000000008001006                prvTraceGetQueueType
 .text.prvTraceGetTaskNumberLow16
                0x000000000800101e       0x1a Core/TraceAnalyzer/trcKernelPort.o
                0x000000000800101e                prvTraceGetTaskNumberLow16
 .text.prvTraceGetTaskNumberHigh16
                0x0000000008001038       0x1c Core/TraceAnalyzer/trcKernelPort.o
                0x0000000008001038                prvTraceGetTaskNumberHigh16
 .text.prvTraceSetTaskNumberLow16
                0x0000000008001054       0x2c Core/TraceAnalyzer/trcKernelPort.o
                0x0000000008001054                prvTraceSetTaskNumberLow16
 .text.prvTraceSetTaskNumberHigh16
                0x0000000008001080       0x2c Core/TraceAnalyzer/trcKernelPort.o
                0x0000000008001080                prvTraceSetTaskNumberHigh16
 .text.prvTraceGetQueueNumberLow16
                0x00000000080010ac       0x1a Core/TraceAnalyzer/trcKernelPort.o
                0x00000000080010ac                prvTraceGetQueueNumberLow16
 .text.prvTraceGetQueueNumberHigh16
                0x00000000080010c6       0x1c Core/TraceAnalyzer/trcKernelPort.o
                0x00000000080010c6                prvTraceGetQueueNumberHigh16
 .text.prvTraceSetQueueNumberLow16
                0x00000000080010e2       0x2c Core/TraceAnalyzer/trcKernelPort.o
                0x00000000080010e2                prvTraceSetQueueNumberLow16
 .text.prvTraceSetQueueNumberHigh16
                0x000000000800110e       0x2c Core/TraceAnalyzer/trcKernelPort.o
                0x000000000800110e                prvTraceSetQueueNumberHigh16
 .text.prvTraceGetCurrentTaskHandle
                0x000000000800113a        0xe Core/TraceAnalyzer/trcKernelPort.o
                0x000000000800113a                prvTraceGetCurrentTaskHandle
 .text.vTraceEnable
                0x0000000008001148       0x48 Core/TraceAnalyzer/trcKernelPort.o
                0x0000000008001148                vTraceEnable
 .text.vTraceInitObjectPropertyTable
                0x0000000008001190      0x19c Core/TraceAnalyzer/trcKernelPort.o
                0x0000000008001190                vTraceInitObjectPropertyTable
 .text.vTraceInitObjectHandleStack
                0x000000000800132c      0x10c Core/TraceAnalyzer/trcKernelPort.o
                0x000000000800132c                vTraceInitObjectHandleStack
 .text.pszTraceGetErrorNotEnoughHandles
                0x0000000008001438       0x98 Core/TraceAnalyzer/trcKernelPort.o
                0x0000000008001438                pszTraceGetErrorNotEnoughHandles
 .text.uiTraceStart
                0x00000000080014d0       0xdc Core/TraceAnalyzer/trcSnapshotRecorder.o
                0x00000000080014d0                uiTraceStart
 .text.vTraceStart
                0x00000000080015ac        0xc Core/TraceAnalyzer/trcSnapshotRecorder.o
                0x00000000080015ac                vTraceStart
 .text.vTraceStop
                0x00000000080015b8       0x30 Core/TraceAnalyzer/trcSnapshotRecorder.o
                0x00000000080015b8                vTraceStop
 .text.prvTraceInitTimestamps
                0x00000000080015e8       0x20 Core/TraceAnalyzer/trcSnapshotRecorder.o
                0x00000000080015e8                prvTraceInitTimestamps
 .text.vTraceInitialize
                0x0000000008001608      0x240 Core/TraceAnalyzer/trcSnapshotRecorder.o
                0x0000000008001608                vTraceInitialize
 .text.prvTraceStoreTaskReady
                0x0000000008001848       0xc8 Core/TraceAnalyzer/trcSnapshotRecorder.o
                0x0000000008001848                prvTraceStoreTaskReady
 .text.vTraceStoreMemMangEvent
                0x0000000008001910      0x12c Core/TraceAnalyzer/trcSnapshotRecorder.o
                0x0000000008001910                vTraceStoreMemMangEvent
 .text.prvTraceStoreKernelCall
                0x0000000008001a3c       0xf8 Core/TraceAnalyzer/trcSnapshotRecorder.o
                0x0000000008001a3c                prvTraceStoreKernelCall
 .text.prvTraceStoreKernelCallWithParam
                0x0000000008001b34      0x110 Core/TraceAnalyzer/trcSnapshotRecorder.o
                0x0000000008001b34                prvTraceStoreKernelCallWithParam
 .text.prvTraceGetParam
                0x0000000008001c44       0x78 Core/TraceAnalyzer/trcSnapshotRecorder.o
 .text.prvTraceStoreKernelCallWithNumericParamOnly
                0x0000000008001cbc       0xc8 Core/TraceAnalyzer/trcSnapshotRecorder.o
                0x0000000008001cbc                prvTraceStoreKernelCallWithNumericParamOnly
 .text.prvTraceStoreTaskswitch
                0x0000000008001d84       0xe0 Core/TraceAnalyzer/trcSnapshotRecorder.o
                0x0000000008001d84                prvTraceStoreTaskswitch
 .text.prvTraceSetPriorityProperty
                0x0000000008001e64       0x78 Core/TraceAnalyzer/trcSnapshotRecorder.o
                0x0000000008001e64                prvTraceSetPriorityProperty
 .text.prvTraceGetPriorityProperty
                0x0000000008001edc       0x7c Core/TraceAnalyzer/trcSnapshotRecorder.o
                0x0000000008001edc                prvTraceGetPriorityProperty
 .text.prvTraceSetObjectState
                0x0000000008001f58       0x78 Core/TraceAnalyzer/trcSnapshotRecorder.o
                0x0000000008001f58                prvTraceSetObjectState
 .text.prvTraceGetObjectState
                0x0000000008001fd0       0x78 Core/TraceAnalyzer/trcSnapshotRecorder.o
 .text.prvTraceSetTaskInstanceFinished
                0x0000000008002048       0x54 Core/TraceAnalyzer/trcSnapshotRecorder.o
                0x0000000008002048                prvTraceSetTaskInstanceFinished
 .text.prvTraceNextFreeEventBufferSlot
                0x000000000800209c       0x48 Core/TraceAnalyzer/trcSnapshotRecorder.o
 .text.uiIndexOfObject
                0x00000000080020e4       0xb0 Core/TraceAnalyzer/trcSnapshotRecorder.o
                0x00000000080020e4                uiIndexOfObject
 .text.prvTraceGetObjectHandle
                0x0000000008002194      0x158 Core/TraceAnalyzer/trcSnapshotRecorder.o
                0x0000000008002194                prvTraceGetObjectHandle
 .text.prvMarkObjectAsUsed
                0x00000000080022ec       0x3c Core/TraceAnalyzer/trcSnapshotRecorder.o
                0x00000000080022ec                prvMarkObjectAsUsed
 .text.prvStrncpy
                0x0000000008002328       0x4c Core/TraceAnalyzer/trcSnapshotRecorder.o
 .text.prvTraceSetObjectName
                0x0000000008002374       0xb8 Core/TraceAnalyzer/trcSnapshotRecorder.o
                0x0000000008002374                prvTraceSetObjectName
 .text.prvTraceError
                0x000000000800242c       0x58 Core/TraceAnalyzer/trcSnapshotRecorder.o
                0x000000000800242c                prvTraceError
 .text.prvCheckDataToBeOverwrittenForMultiEntryEvents
                0x0000000008002484      0x11c Core/TraceAnalyzer/trcSnapshotRecorder.o
 .text.prvTraceUpdateCounters
                0x00000000080025a0       0x50 Core/TraceAnalyzer/trcSnapshotRecorder.o
 .text.prvTraceGetDTS
                0x00000000080025f0      0x1b0 Core/TraceAnalyzer/trcSnapshotRecorder.o
 .text.prvTraceInitCortexM
                0x00000000080027a0       0x6c Core/TraceAnalyzer/trcSnapshotRecorder.o
                0x00000000080027a0                prvTraceInitCortexM
 .text.prvTracePortGetTimeStamp
                0x000000000800280c       0x94 Core/TraceAnalyzer/trcSnapshotRecorder.o
                0x000000000800280c                prvTracePortGetTimeStamp
 .text.HAL_Init
                0x00000000080028a0       0x44 Drivers/STM32F4xx_HAL_Driver/Src/stm32f4xx_hal.o
                0x00000000080028a0                HAL_Init
 .text.HAL_IncTick
                0x00000000080028e4       0x28 Drivers/STM32F4xx_HAL_Driver/Src/stm32f4xx_hal.o
                0x00000000080028e4                HAL_IncTick
 .text.HAL_GetTick
                0x000000000800290c       0x18 Drivers/STM32F4xx_HAL_Driver/Src/stm32f4xx_hal.o
                0x000000000800290c                HAL_GetTick
 .text.__NVIC_SetPriorityGrouping
                0x0000000008002924       0x48 Drivers/STM32F4xx_HAL_Driver/Src/stm32f4xx_hal_cortex.o
 .text.__NVIC_GetPriorityGrouping
                0x000000000800296c       0x1c Drivers/STM32F4xx_HAL_Driver/Src/stm32f4xx_hal_cortex.o
 .text.__NVIC_EnableIRQ
                0x0000000008002988       0x3c Drivers/STM32F4xx_HAL_Driver/Src/stm32f4xx_hal_cortex.o
 .text.__NVIC_SetPriority
                0x00000000080029c4       0x54 Drivers/STM32F4xx_HAL_Driver/Src/stm32f4xx_hal_cortex.o
 .text.NVIC_EncodePriority
                0x0000000008002a18       0x66 Drivers/STM32F4xx_HAL_Driver/Src/stm32f4xx_hal_cortex.o
 .text.HAL_NVIC_SetPriorityGrouping
                0x0000000008002a7e       0x16 Drivers/STM32F4xx_HAL_Driver/Src/stm32f4xx_hal_cortex.o
                0x0000000008002a7e                HAL_NVIC_SetPriorityGrouping
 .text.HAL_NVIC_SetPriority
                0x0000000008002a94       0x38 Drivers/STM32F4xx_HAL_Driver/Src/stm32f4xx_hal_cortex.o
                0x0000000008002a94                HAL_NVIC_SetPriority
 .text.HAL_NVIC_EnableIRQ
                0x0000000008002acc       0x1c Drivers/STM32F4xx_HAL_Driver/Src/stm32f4xx_hal_cortex.o
                0x0000000008002acc                HAL_NVIC_EnableIRQ
 .text.HAL_GPIO_Init
                0x0000000008002ae8      0x304 Drivers/STM32F4xx_HAL_Driver/Src/stm32f4xx_hal_gpio.o
                0x0000000008002ae8                HAL_GPIO_Init
 .text.HAL_GPIO_WritePin
                0x0000000008002dec       0x32 Drivers/STM32F4xx_HAL_Driver/Src/stm32f4xx_hal_gpio.o
                0x0000000008002dec                HAL_GPIO_WritePin
 *fill*         0x0000000008002e1e        0x2 
 .text.HAL_RCC_OscConfig
                0x0000000008002e20      0x4e0 Drivers/STM32F4xx_HAL_Driver/Src/stm32f4xx_hal_rcc.o
                0x0000000008002e20                HAL_RCC_OscConfig
 .text.HAL_RCC_ClockConfig
                0x0000000008003300      0x1cc Drivers/STM32F4xx_HAL_Driver/Src/stm32f4xx_hal_rcc.o
                0x0000000008003300                HAL_RCC_ClockConfig
 .text.HAL_RCC_GetSysClockFreq
                0x00000000080034cc      0x1b0 Drivers/STM32F4xx_HAL_Driver/Src/stm32f4xx_hal_rcc.o
                0x00000000080034cc                HAL_RCC_GetSysClockFreq
 .text.HAL_RCC_GetHCLKFreq
                0x000000000800367c       0x18 Drivers/STM32F4xx_HAL_Driver/Src/stm32f4xx_hal_rcc.o
                0x000000000800367c                HAL_RCC_GetHCLKFreq
 .text.HAL_RCC_GetPCLK1Freq
                0x0000000008003694       0x28 Drivers/STM32F4xx_HAL_Driver/Src/stm32f4xx_hal_rcc.o
                0x0000000008003694                HAL_RCC_GetPCLK1Freq
 .text.HAL_RCC_GetPCLK2Freq
                0x00000000080036bc       0x28 Drivers/STM32F4xx_HAL_Driver/Src/stm32f4xx_hal_rcc.o
                0x00000000080036bc                HAL_RCC_GetPCLK2Freq
 .text.HAL_RCC_GetClockConfig
                0x00000000080036e4       0x64 Drivers/STM32F4xx_HAL_Driver/Src/stm32f4xx_hal_rcc.o
                0x00000000080036e4                HAL_RCC_GetClockConfig
 .text.HAL_TIM_Base_Init
                0x0000000008003748       0x56 Drivers/STM32F4xx_HAL_Driver/Src/stm32f4xx_hal_tim.o
                0x0000000008003748                HAL_TIM_Base_Init
 .text.HAL_TIM_Base_MspInit
                0x000000000800379e       0x14 Drivers/STM32F4xx_HAL_Driver/Src/stm32f4xx_hal_tim.o
                0x000000000800379e                HAL_TIM_Base_MspInit
 .text.HAL_TIM_Base_Start_IT
                0x00000000080037b2       0x48 Drivers/STM32F4xx_HAL_Driver/Src/stm32f4xx_hal_tim.o
                0x00000000080037b2                HAL_TIM_Base_Start_IT
 .text.HAL_TIM_IRQHandler
                0x00000000080037fa      0x210 Drivers/STM32F4xx_HAL_Driver/Src/stm32f4xx_hal_tim.o
                0x00000000080037fa                HAL_TIM_IRQHandler
 .text.HAL_TIM_OC_DelayElapsedCallback
                0x0000000008003a0a       0x14 Drivers/STM32F4xx_HAL_Driver/Src/stm32f4xx_hal_tim.o
                0x0000000008003a0a                HAL_TIM_OC_DelayElapsedCallback
 .text.HAL_TIM_IC_CaptureCallback
                0x0000000008003a1e       0x14 Drivers/STM32F4xx_HAL_Driver/Src/stm32f4xx_hal_tim.o
                0x0000000008003a1e                HAL_TIM_IC_CaptureCallback
 .text.HAL_TIM_PWM_PulseFinishedCallback
                0x0000000008003a32       0x14 Drivers/STM32F4xx_HAL_Driver/Src/stm32f4xx_hal_tim.o
                0x0000000008003a32                HAL_TIM_PWM_PulseFinishedCallback
 .text.HAL_TIM_TriggerCallback
                0x0000000008003a46       0x14 Drivers/STM32F4xx_HAL_Driver/Src/stm32f4xx_hal_tim.o
                0x0000000008003a46                HAL_TIM_TriggerCallback
 *fill*         0x0000000008003a5a        0x2 
 .text.TIM_Base_SetConfig
                0x0000000008003a5c      0x100 Drivers/STM32F4xx_HAL_Driver/Src/stm32f4xx_hal_tim.o
                0x0000000008003a5c                TIM_Base_SetConfig
 .text.HAL_TIMEx_CommutCallback
                0x0000000008003b5c       0x14 Drivers/STM32F4xx_HAL_Driver/Src/stm32f4xx_hal_tim_ex.o
                0x0000000008003b5c                HAL_TIMEx_CommutCallback
 .text.HAL_TIMEx_BreakCallback
                0x0000000008003b70       0x14 Drivers/STM32F4xx_HAL_Driver/Src/stm32f4xx_hal_tim_ex.o
                0x0000000008003b70                HAL_TIMEx_BreakCallback
 .text.HAL_UART_Init
                0x0000000008003b84       0x9a Drivers/STM32F4xx_HAL_Driver/Src/stm32f4xx_hal_uart.o
                0x0000000008003b84                HAL_UART_Init
 .text.HAL_UART_Transmit
                0x0000000008003c1e      0x132 Drivers/STM32F4xx_HAL_Driver/Src/stm32f4xx_hal_uart.o
                0x0000000008003c1e                HAL_UART_Transmit
 .text.UART_WaitOnFlagUntilTimeout
                0x0000000008003d50       0x94 Drivers/STM32F4xx_HAL_Driver/Src/stm32f4xx_hal_uart.o
 .text.UART_SetConfig
                0x0000000008003de4      0x6f8 Drivers/STM32F4xx_HAL_Driver/Src/stm32f4xx_hal_uart.o
 .text.SysTick_Handler
                0x00000000080044dc       0x20 Middlewares/Third_Party/FreeRTOS/Source/CMSIS_RTOS_V2/cmsis_os2.o
                0x00000000080044dc                SysTick_Handler
 .text.SVC_Setup
                0x00000000080044fc        0xe Middlewares/Third_Party/FreeRTOS/Source/CMSIS_RTOS_V2/cmsis_os2.o
 *fill*         0x000000000800450a        0x2 
 .text.osKernelInitialize
                0x000000000800450c       0x68 Middlewares/Third_Party/FreeRTOS/Source/CMSIS_RTOS_V2/cmsis_os2.o
                0x000000000800450c                osKernelInitialize
 .text.osKernelStart
                0x0000000008004574       0x6c Middlewares/Third_Party/FreeRTOS/Source/CMSIS_RTOS_V2/cmsis_os2.o
                0x0000000008004574                osKernelStart
 .text.osThreadNew
                0x00000000080045e0      0x14c Middlewares/Third_Party/FreeRTOS/Source/CMSIS_RTOS_V2/cmsis_os2.o
                0x00000000080045e0                osThreadNew
 .text.osDelay  0x000000000800472c       0x5c Middlewares/Third_Party/FreeRTOS/Source/CMSIS_RTOS_V2/cmsis_os2.o
                0x000000000800472c                osDelay
 .text.osMutexNew
                0x0000000008004788      0x134 Middlewares/Third_Party/FreeRTOS/Source/CMSIS_RTOS_V2/cmsis_os2.o
                0x0000000008004788                osMutexNew
 .text.osMessageQueueNew
                0x00000000080048bc      0x10c Middlewares/Third_Party/FreeRTOS/Source/CMSIS_RTOS_V2/cmsis_os2.o
                0x00000000080048bc                osMessageQueueNew
 .text.vApplicationGetIdleTaskMemory
                0x00000000080049c8       0x34 Middlewares/Third_Party/FreeRTOS/Source/CMSIS_RTOS_V2/cmsis_os2.o
                0x00000000080049c8                vApplicationGetIdleTaskMemory
 .text.vApplicationGetTimerTaskMemory
                0x00000000080049fc       0x34 Middlewares/Third_Party/FreeRTOS/Source/CMSIS_RTOS_V2/cmsis_os2.o
                0x00000000080049fc                vApplicationGetTimerTaskMemory
 .text.vListInitialise
                0x0000000008004a30       0x40 Middlewares/Third_Party/FreeRTOS/Source/list.o
                0x0000000008004a30                vListInitialise
 .text.vListInitialiseItem
                0x0000000008004a70       0x1a Middlewares/Third_Party/FreeRTOS/Source/list.o
                0x0000000008004a70                vListInitialiseItem
 .text.vListInsertEnd
                0x0000000008004a8a       0x48 Middlewares/Third_Party/FreeRTOS/Source/list.o
                0x0000000008004a8a                vListInsertEnd
 .text.vListInsert
                0x0000000008004ad2       0x72 Middlewares/Third_Party/FreeRTOS/Source/list.o
                0x0000000008004ad2                vListInsert
 .text.uxListRemove
                0x0000000008004b44       0x54 Middlewares/Third_Party/FreeRTOS/Source/list.o
                0x0000000008004b44                uxListRemove
 .text.xQueueGenericReset
                0x0000000008004b98       0xd0 Middlewares/Third_Party/FreeRTOS/Source/queue.o
                0x0000000008004b98                xQueueGenericReset
 .text.xQueueGenericCreateStatic
                0x0000000008004c68      0x120 Middlewares/Third_Party/FreeRTOS/Source/queue.o
                0x0000000008004c68                xQueueGenericCreateStatic
 .text.xQueueGenericCreate
                0x0000000008004d88       0xb8 Middlewares/Third_Party/FreeRTOS/Source/queue.o
                0x0000000008004d88                xQueueGenericCreate
 .text.prvInitialiseNewQueue
                0x0000000008004e40      0x128 Middlewares/Third_Party/FreeRTOS/Source/queue.o
 .text.prvInitialiseMutex
                0x0000000008004f68       0x34 Middlewares/Third_Party/FreeRTOS/Source/queue.o
 .text.xQueueCreateMutex
                0x0000000008004f9c       0x30 Middlewares/Third_Party/FreeRTOS/Source/queue.o
                0x0000000008004f9c                xQueueCreateMutex
 .text.xQueueCreateMutexStatic
                0x0000000008004fcc       0x36 Middlewares/Third_Party/FreeRTOS/Source/queue.o
                0x0000000008004fcc                xQueueCreateMutexStatic
 *fill*         0x0000000008005002        0x2 
 .text.xQueueGenericSend
                0x0000000008005004      0x414 Middlewares/Third_Party/FreeRTOS/Source/queue.o
                0x0000000008005004                xQueueGenericSend
 .text.xQueueGenericSendFromISR
                0x0000000008005418      0x208 Middlewares/Third_Party/FreeRTOS/Source/queue.o
                0x0000000008005418                xQueueGenericSendFromISR
 .text.xQueueReceive
                0x0000000008005620      0x404 Middlewares/Third_Party/FreeRTOS/Source/queue.o
                0x0000000008005620                xQueueReceive
 .text.xQueueSemaphoreTake
                0x0000000008005a24      0x458 Middlewares/Third_Party/FreeRTOS/Source/queue.o
                0x0000000008005a24                xQueueSemaphoreTake
 .text.xQueuePeek
                0x0000000008005e7c      0x3ac Middlewares/Third_Party/FreeRTOS/Source/queue.o
                0x0000000008005e7c                xQueuePeek
 .text.uxQueueGetQueueNumber
                0x0000000008006228       0x18 Middlewares/Third_Party/FreeRTOS/Source/queue.o
                0x0000000008006228                uxQueueGetQueueNumber
 .text.vQueueSetQueueNumber
                0x0000000008006240       0x1c Middlewares/Third_Party/FreeRTOS/Source/queue.o
                0x0000000008006240                vQueueSetQueueNumber
 .text.ucQueueGetQueueType
                0x000000000800625c       0x1a Middlewares/Third_Party/FreeRTOS/Source/queue.o
                0x000000000800625c                ucQueueGetQueueType
 .text.prvGetDisinheritPriorityAfterTimeout
                0x0000000008006276       0x30 Middlewares/Third_Party/FreeRTOS/Source/queue.o
 .text.prvCopyDataToQueue
                0x00000000080062a6       0xd4 Middlewares/Third_Party/FreeRTOS/Source/queue.o
 .text.prvCopyDataFromQueue
                0x000000000800637a       0x4c Middlewares/Third_Party/FreeRTOS/Source/queue.o
 .text.prvUnlockQueue
                0x00000000080063c6       0xa4 Middlewares/Third_Party/FreeRTOS/Source/queue.o
 .text.prvIsQueueEmpty
                0x000000000800646a       0x2c Middlewares/Third_Party/FreeRTOS/Source/queue.o
 .text.prvIsQueueFull
                0x0000000008006496       0x30 Middlewares/Third_Party/FreeRTOS/Source/queue.o
 *fill*         0x00000000080064c6        0x2 
 .text.vQueueAddToRegistry
                0x00000000080064c8       0x74 Middlewares/Third_Party/FreeRTOS/Source/queue.o
                0x00000000080064c8                vQueueAddToRegistry
 .text.vQueueWaitForMessageRestricted
                0x000000000800653c       0x68 Middlewares/Third_Party/FreeRTOS/Source/queue.o
                0x000000000800653c                vQueueWaitForMessageRestricted
 .text.xTaskCreateStatic
                0x00000000080065a4       0xb4 Middlewares/Third_Party/FreeRTOS/Source/tasks.o
                0x00000000080065a4                xTaskCreateStatic
 .text.xTaskCreate
                0x0000000008006658       0x8a Middlewares/Third_Party/FreeRTOS/Source/tasks.o
                0x0000000008006658                xTaskCreate
 .text.prvInitialiseNewTask
                0x00000000080066e2      0x11c Middlewares/Third_Party/FreeRTOS/Source/tasks.o
 *fill*         0x00000000080067fe        0x2 
 .text.prvAddNewTaskToReadyList
                0x0000000008006800      0x1a4 Middlewares/Third_Party/FreeRTOS/Source/tasks.o
 .text.vTaskDelay
                0x00000000080069a4       0xd8 Middlewares/Third_Party/FreeRTOS/Source/tasks.o
                0x00000000080069a4                vTaskDelay
 .text.vTaskStartScheduler
                0x0000000008006a7c      0x110 Middlewares/Third_Party/FreeRTOS/Source/tasks.o
                0x0000000008006a7c                vTaskStartScheduler
 .text.vTaskSuspendAll
                0x0000000008006b8c       0x1c Middlewares/Third_Party/FreeRTOS/Source/tasks.o
                0x0000000008006b8c                vTaskSuspendAll
 .text.xTaskResumeAll
                0x0000000008006ba8      0x164 Middlewares/Third_Party/FreeRTOS/Source/tasks.o
                0x0000000008006ba8                xTaskResumeAll
 .text.xTaskGetTickCount
                0x0000000008006d0c       0x20 Middlewares/Third_Party/FreeRTOS/Source/tasks.o
                0x0000000008006d0c                xTaskGetTickCount
 .text.xTaskIncrementTick
                0x0000000008006d2c      0x1d4 Middlewares/Third_Party/FreeRTOS/Source/tasks.o
                0x0000000008006d2c                xTaskIncrementTick
 .text.vTaskSwitchContext
                0x0000000008006f00       0xfc Middlewares/Third_Party/FreeRTOS/Source/tasks.o
                0x0000000008006f00                vTaskSwitchContext
 .text.vTaskPlaceOnEventList
                0x0000000008006ffc       0x48 Middlewares/Third_Party/FreeRTOS/Source/tasks.o
                0x0000000008006ffc                vTaskPlaceOnEventList
 .text.vTaskPlaceOnEventListRestricted
                0x0000000008007044       0xcc Middlewares/Third_Party/FreeRTOS/Source/tasks.o
                0x0000000008007044                vTaskPlaceOnEventListRestricted
 .text.xTaskRemoveFromEventList
                0x0000000008007110       0xf0 Middlewares/Third_Party/FreeRTOS/Source/tasks.o
                0x0000000008007110                xTaskRemoveFromEventList
 .text.vTaskInternalSetTimeOutState
                0x0000000008007200       0x2c Middlewares/Third_Party/FreeRTOS/Source/tasks.o
                0x0000000008007200                vTaskInternalSetTimeOutState
 .text.xTaskCheckForTimeOut
                0x000000000800722c       0xc0 Middlewares/Third_Party/FreeRTOS/Source/tasks.o
                0x000000000800722c                xTaskCheckForTimeOut
 .text.vTaskMissedYield
                0x00000000080072ec       0x18 Middlewares/Third_Party/FreeRTOS/Source/tasks.o
                0x00000000080072ec                vTaskMissedYield
 .text.uxTaskGetTaskNumber
                0x0000000008007304       0x2c Middlewares/Third_Party/FreeRTOS/Source/tasks.o
                0x0000000008007304                uxTaskGetTaskNumber
 .text.vTaskSetTaskNumber
                0x0000000008007330       0x26 Middlewares/Third_Party/FreeRTOS/Source/tasks.o
                0x0000000008007330                vTaskSetTaskNumber
 *fill*         0x0000000008007356        0x2 
 .text.prvIdleTask
                0x0000000008007358       0x34 Middlewares/Third_Party/FreeRTOS/Source/tasks.o
 .text.prvInitialiseTaskLists
                0x000000000800738c       0x80 Middlewares/Third_Party/FreeRTOS/Source/tasks.o
 .text.prvCheckTasksWaitingTermination
                0x000000000800740c       0x58 Middlewares/Third_Party/FreeRTOS/Source/tasks.o
 .text.prvDeleteTCB
                0x0000000008007464       0x5c Middlewares/Third_Party/FreeRTOS/Source/tasks.o
 .text.prvResetNextTaskUnblockTime
                0x00000000080074c0       0x40 Middlewares/Third_Party/FreeRTOS/Source/tasks.o
 .text.xTaskGetCurrentTaskHandle
                0x0000000008007500       0x20 Middlewares/Third_Party/FreeRTOS/Source/tasks.o
                0x0000000008007500                xTaskGetCurrentTaskHandle
 .text.xTaskGetSchedulerState
                0x0000000008007520       0x3c Middlewares/Third_Party/FreeRTOS/Source/tasks.o
                0x0000000008007520                xTaskGetSchedulerState
 .text.xTaskPriorityInherit
                0x000000000800755c      0x158 Middlewares/Third_Party/FreeRTOS/Source/tasks.o
                0x000000000800755c                xTaskPriorityInherit
 .text.xTaskPriorityDisinherit
                0x00000000080076b4      0x15c Middlewares/Third_Party/FreeRTOS/Source/tasks.o
                0x00000000080076b4                xTaskPriorityDisinherit
 .text.vTaskPriorityDisinheritAfterTimeout
                0x0000000008007810      0x188 Middlewares/Third_Party/FreeRTOS/Source/tasks.o
                0x0000000008007810                vTaskPriorityDisinheritAfterTimeout
 .text.pvTaskIncrementMutexHeldCount
                0x0000000008007998       0x28 Middlewares/Third_Party/FreeRTOS/Source/tasks.o
                0x0000000008007998                pvTaskIncrementMutexHeldCount
 .text.prvAddCurrentTaskToDelayedList
                0x00000000080079c0       0xa8 Middlewares/Third_Party/FreeRTOS/Source/tasks.o
 .text.xTimerCreateTimerTask
                0x0000000008007a68       0x90 Middlewares/Third_Party/FreeRTOS/Source/timers.o
                0x0000000008007a68                xTimerCreateTimerTask
 .text.xTimerGenericCommand
                0x0000000008007af8       0x98 Middlewares/Third_Party/FreeRTOS/Source/timers.o
                0x0000000008007af8                xTimerGenericCommand
 .text.prvProcessExpiredTimer
                0x0000000008007b90       0x98 Middlewares/Third_Party/FreeRTOS/Source/timers.o
 .text.prvTimerTask
                0x0000000008007c28       0x24 Middlewares/Third_Party/FreeRTOS/Source/timers.o
 .text.prvProcessTimerOrBlockTask
                0x0000000008007c4c       0x9c Middlewares/Third_Party/FreeRTOS/Source/timers.o
 .text.prvGetNextExpireTime
                0x0000000008007ce8       0x48 Middlewares/Third_Party/FreeRTOS/Source/timers.o
 .text.prvSampleTimeNow
                0x0000000008007d30       0x40 Middlewares/Third_Party/FreeRTOS/Source/timers.o
 .text.prvInsertTimerInActiveList
                0x0000000008007d70       0x84 Middlewares/Third_Party/FreeRTOS/Source/timers.o
 .text.prvProcessReceivedCommands
                0x0000000008007df4      0x1b8 Middlewares/Third_Party/FreeRTOS/Source/timers.o
 .text.prvSwitchTimerLists
                0x0000000008007fac       0xc8 Middlewares/Third_Party/FreeRTOS/Source/timers.o
 .text.prvCheckForValidListAndQueue
                0x0000000008008074       0x80 Middlewares/Third_Party/FreeRTOS/Source/timers.o
 .text.pxPortInitialiseStack
                0x00000000080080f4       0x68 Middlewares/Third_Party/FreeRTOS/Source/portable/GCC/ARM_CM4F/port.o
                0x00000000080080f4                pxPortInitialiseStack
 .text.prvTaskExitError
                0x000000000800815c       0x54 Middlewares/Third_Party/FreeRTOS/Source/portable/GCC/ARM_CM4F/port.o
 .text.SVC_Handler
                0x00000000080081b0       0x28 Middlewares/Third_Party/FreeRTOS/Source/portable/GCC/ARM_CM4F/port.o
                0x00000000080081b0                SVC_Handler
 .text.prvPortStartFirstTask
                0x00000000080081d8       0x28 Middlewares/Third_Party/FreeRTOS/Source/portable/GCC/ARM_CM4F/port.o
 .text.xPortStartScheduler
                0x0000000008008200      0x15c Middlewares/Third_Party/FreeRTOS/Source/portable/GCC/ARM_CM4F/port.o
                0x0000000008008200                xPortStartScheduler
 .text.vPortEnterCritical
                0x000000000800835c       0x5c Middlewares/Third_Party/FreeRTOS/Source/portable/GCC/ARM_CM4F/port.o
                0x000000000800835c                vPortEnterCritical
 .text.vPortExitCritical
                0x00000000080083b8       0x50 Middlewares/Third_Party/FreeRTOS/Source/portable/GCC/ARM_CM4F/port.o
                0x00000000080083b8                vPortExitCritical
 *fill*         0x0000000008008408        0x8 
 .text.PendSV_Handler
                0x0000000008008410       0x68 Middlewares/Third_Party/FreeRTOS/Source/portable/GCC/ARM_CM4F/port.o
                0x0000000008008410                PendSV_Handler
 .text.xPortSysTickHandler
                0x0000000008008478       0x40 Middlewares/Third_Party/FreeRTOS/Source/portable/GCC/ARM_CM4F/port.o
                0x0000000008008478                xPortSysTickHandler
 .text.vPortSetupTimerInterrupt
                0x00000000080084b8       0x48 Middlewares/Third_Party/FreeRTOS/Source/portable/GCC/ARM_CM4F/port.o
                0x00000000080084b8                vPortSetupTimerInterrupt
 .text.vPortEnableVFP
                0x0000000008008500       0x14 Middlewares/Third_Party/FreeRTOS/Source/portable/GCC/ARM_CM4F/port.o
 .text.vPortValidateInterruptPriority
                0x0000000008008514       0x7c Middlewares/Third_Party/FreeRTOS/Source/portable/GCC/ARM_CM4F/port.o
                0x0000000008008514                vPortValidateInterruptPriority
 .text.pvPortMalloc
                0x0000000008008590      0x1a4 Middlewares/Third_Party/FreeRTOS/Source/portable/MemMang/heap_4.o
                0x0000000008008590                pvPortMalloc
 .text.vPortFree
                0x0000000008008734       0xc0 Middlewares/Third_Party/FreeRTOS/Source/portable/MemMang/heap_4.o
                0x0000000008008734                vPortFree
 .text.prvHeapInit
                0x00000000080087f4       0xc4 Middlewares/Third_Party/FreeRTOS/Source/portable/MemMang/heap_4.o
 .text.prvInsertBlockIntoFreeList
                0x00000000080088b8       0xb4 Middlewares/Third_Party/FreeRTOS/Source/portable/MemMang/heap_4.o
 .text.__errno  0x000000000800896c        0xc c:/st/stm32cubeide_1.3.0/stm32cubeide/plugins/com.st.stm32cube.ide.mcu.externaltools.gnu-tools-for-stm32.7-2018-q2-update.win32_1.5.0.202011040924/tools/bin/../lib/gcc/arm-none-eabi/7.3.1/../../../../arm-none-eabi/lib/thumb/v7e-m/fpv4-sp/hard\libc_nano.a(lib_a-errno.o)
                0x000000000800896c                __errno
 .text.__libc_init_array
                0x0000000008008978       0x48 c:/st/stm32cubeide_1.3.0/stm32cubeide/plugins/com.st.stm32cube.ide.mcu.externaltools.gnu-tools-for-stm32.7-2018-q2-update.win32_1.5.0.202011040924/tools/bin/../lib/gcc/arm-none-eabi/7.3.1/../../../../arm-none-eabi/lib/thumb/v7e-m/fpv4-sp/hard\libc_nano.a(lib_a-init.o)
                0x0000000008008978                __libc_init_array
 .text.memcpy   0x00000000080089c0       0x16 c:/st/stm32cubeide_1.3.0/stm32cubeide/plugins/com.st.stm32cube.ide.mcu.externaltools.gnu-tools-for-stm32.7-2018-q2-update.win32_1.5.0.202011040924/tools/bin/../lib/gcc/arm-none-eabi/7.3.1/../../../../arm-none-eabi/lib/thumb/v7e-m/fpv4-sp/hard\libc_nano.a(lib_a-memcpy-stub.o)
                0x00000000080089c0                memcpy
 .text.memset   0x00000000080089d6       0x10 c:/st/stm32cubeide_1.3.0/stm32cubeide/plugins/com.st.stm32cube.ide.mcu.externaltools.gnu-tools-for-stm32.7-2018-q2-update.win32_1.5.0.202011040924/tools/bin/../lib/gcc/arm-none-eabi/7.3.1/../../../../arm-none-eabi/lib/thumb/v7e-m/fpv4-sp/hard\libc_nano.a(lib_a-memset.o)
                0x00000000080089d6                memset
 *fill*         0x00000000080089e6        0x2 
 .text.sprintf  0x00000000080089e8       0x40 c:/st/stm32cubeide_1.3.0/stm32cubeide/plugins/com.st.stm32cube.ide.mcu.externaltools.gnu-tools-for-stm32.7-2018-q2-update.win32_1.5.0.202011040924/tools/bin/../lib/gcc/arm-none-eabi/7.3.1/../../../../arm-none-eabi/lib/thumb/v7e-m/fpv4-sp/hard\libc_nano.a(lib_a-sprintf.o)
                0x00000000080089e8                siprintf
                0x00000000080089e8                sprintf
 .text.__ssputs_r
                0x0000000008008a28       0xb4 c:/st/stm32cubeide_1.3.0/stm32cubeide/plugins/com.st.stm32cube.ide.mcu.externaltools.gnu-tools-for-stm32.7-2018-q2-update.win32_1.5.0.202011040924/tools/bin/../lib/gcc/arm-none-eabi/7.3.1/../../../../arm-none-eabi/lib/thumb/v7e-m/fpv4-sp/hard\libc_nano.a(lib_a-nano-svfprintf.o)
                0x0000000008008a28                __ssputs_r
 .text._svfprintf_r
                0x0000000008008adc      0x1f0 c:/st/stm32cubeide_1.3.0/stm32cubeide/plugins/com.st.stm32cube.ide.mcu.externaltools.gnu-tools-for-stm32.7-2018-q2-update.win32_1.5.0.202011040924/tools/bin/../lib/gcc/arm-none-eabi/7.3.1/../../../../arm-none-eabi/lib/thumb/v7e-m/fpv4-sp/hard\libc_nano.a(lib_a-nano-svfprintf.o)
                0x0000000008008adc                _svfiprintf_r
                0x0000000008008adc                _svfprintf_r
 .text._printf_common
                0x0000000008008ccc       0xea c:/st/stm32cubeide_1.3.0/stm32cubeide/plugins/com.st.stm32cube.ide.mcu.externaltools.gnu-tools-for-stm32.7-2018-q2-update.win32_1.5.0.202011040924/tools/bin/../lib/gcc/arm-none-eabi/7.3.1/../../../../arm-none-eabi/lib/thumb/v7e-m/fpv4-sp/hard\libc_nano.a(lib_a-nano-vfprintf_i.o)
                0x0000000008008ccc                _printf_common
 *fill*         0x0000000008008db6        0x2 
 .text._printf_i
                0x0000000008008db8      0x224 c:/st/stm32cubeide_1.3.0/stm32cubeide/plugins/com.st.stm32cube.ide.mcu.externaltools.gnu-tools-for-stm32.7-2018-q2-update.win32_1.5.0.202011040924/tools/bin/../lib/gcc/arm-none-eabi/7.3.1/../../../../arm-none-eabi/lib/thumb/v7e-m/fpv4-sp/hard\libc_nano.a(lib_a-nano-vfprintf_i.o)
                0x0000000008008db8                _printf_i
 .text.memmove  0x0000000008008fdc       0x32 c:/st/stm32cubeide_1.3.0/stm32cubeide/plugins/com.st.stm32cube.ide.mcu.externaltools.gnu-tools-for-stm32.7-2018-q2-update.win32_1.5.0.202011040924/tools/bin/../lib/gcc/arm-none-eabi/7.3.1/../../../../arm-none-eabi/lib/thumb/v7e-m/fpv4-sp/hard\libc_nano.a(lib_a-memmove.o)
                0x0000000008008fdc                memmove
 *fill*         0x000000000800900e        0x2 
 .text._free_r  0x0000000008009010       0x9c c:/st/stm32cubeide_1.3.0/stm32cubeide/plugins/com.st.stm32cube.ide.mcu.externaltools.gnu-tools-for-stm32.7-2018-q2-update.win32_1.5.0.202011040924/tools/bin/../lib/gcc/arm-none-eabi/7.3.1/../../../../arm-none-eabi/lib/thumb/v7e-m/fpv4-sp/hard\libc_nano.a(lib_a-nano-freer.o)
                0x0000000008009010                _free_r
 .text._malloc_r
                0x00000000080090ac       0xb4 c:/st/stm32cubeide_1.3.0/stm32cubeide/plugins/com.st.stm32cube.ide.mcu.externaltools.gnu-tools-for-stm32.7-2018-q2-update.win32_1.5.0.202011040924/tools/bin/../lib/gcc/arm-none-eabi/7.3.1/../../../../arm-none-eabi/lib/thumb/v7e-m/fpv4-sp/hard\libc_nano.a(lib_a-nano-mallocr.o)
                0x00000000080090ac                _malloc_r
 .text._realloc_r
                0x0000000008009160       0x4c c:/st/stm32cubeide_1.3.0/stm32cubeide/plugins/com.st.stm32cube.ide.mcu.externaltools.gnu-tools-for-stm32.7-2018-q2-update.win32_1.5.0.202011040924/tools/bin/../lib/gcc/arm-none-eabi/7.3.1/../../../../arm-none-eabi/lib/thumb/v7e-m/fpv4-sp/hard\libc_nano.a(lib_a-nano-reallocr.o)
                0x0000000008009160                _realloc_r
 .text._sbrk_r  0x00000000080091ac       0x20 c:/st/stm32cubeide_1.3.0/stm32cubeide/plugins/com.st.stm32cube.ide.mcu.externaltools.gnu-tools-for-stm32.7-2018-q2-update.win32_1.5.0.202011040924/tools/bin/../lib/gcc/arm-none-eabi/7.3.1/../../../../arm-none-eabi/lib/thumb/v7e-m/fpv4-sp/hard\libc_nano.a(lib_a-sbrkr.o)
                0x00000000080091ac                _sbrk_r
 .text.__malloc_lock
                0x00000000080091cc        0x2 c:/st/stm32cubeide_1.3.0/stm32cubeide/plugins/com.st.stm32cube.ide.mcu.externaltools.gnu-tools-for-stm32.7-2018-q2-update.win32_1.5.0.202011040924/tools/bin/../lib/gcc/arm-none-eabi/7.3.1/../../../../arm-none-eabi/lib/thumb/v7e-m/fpv4-sp/hard\libc_nano.a(lib_a-mlock.o)
                0x00000000080091cc                __malloc_lock
 .text.__malloc_unlock
                0x00000000080091ce        0x2 c:/st/stm32cubeide_1.3.0/stm32cubeide/plugins/com.st.stm32cube.ide.mcu.externaltools.gnu-tools-for-stm32.7-2018-q2-update.win32_1.5.0.202011040924/tools/bin/../lib/gcc/arm-none-eabi/7.3.1/../../../../arm-none-eabi/lib/thumb/v7e-m/fpv4-sp/hard\libc_nano.a(lib_a-mlock.o)
                0x00000000080091ce                __malloc_unlock
 .text._malloc_usable_size_r
                0x00000000080091d0       0x10 c:/st/stm32cubeide_1.3.0/stm32cubeide/plugins/com.st.stm32cube.ide.mcu.externaltools.gnu-tools-for-stm32.7-2018-q2-update.win32_1.5.0.202011040924/tools/bin/../lib/gcc/arm-none-eabi/7.3.1/../../../../arm-none-eabi/lib/thumb/v7e-m/fpv4-sp/hard\libc_nano.a(lib_a-nano-msizer.o)
                0x00000000080091d0                _malloc_usable_size_r
 *(.glue_7)
 .glue_7        0x00000000080091e0        0x0 linker stubs
 *(.glue_7t)
 .glue_7t       0x00000000080091e0        0x0 linker stubs
 *(.eh_frame)
 .eh_frame      0x00000000080091e0        0x0 c:/st/stm32cubeide_1.3.0/stm32cubeide/plugins/com.st.stm32cube.ide.mcu.externaltools.gnu-tools-for-stm32.7-2018-q2-update.win32_1.5.0.202011040924/tools/bin/../lib/gcc/arm-none-eabi/7.3.1/thumb/v7e-m/fpv4-sp/hard/crtbegin.o
 *(.init)
 .init          0x00000000080091e0        0x4 c:/st/stm32cubeide_1.3.0/stm32cubeide/plugins/com.st.stm32cube.ide.mcu.externaltools.gnu-tools-for-stm32.7-2018-q2-update.win32_1.5.0.202011040924/tools/bin/../lib/gcc/arm-none-eabi/7.3.1/thumb/v7e-m/fpv4-sp/hard/crti.o
                0x00000000080091e0                _init
 .init          0x00000000080091e4        0x8 c:/st/stm32cubeide_1.3.0/stm32cubeide/plugins/com.st.stm32cube.ide.mcu.externaltools.gnu-tools-for-stm32.7-2018-q2-update.win32_1.5.0.202011040924/tools/bin/../lib/gcc/arm-none-eabi/7.3.1/thumb/v7e-m/fpv4-sp/hard/crtn.o
 *(.fini)
 .fini          0x00000000080091ec        0x4 c:/st/stm32cubeide_1.3.0/stm32cubeide/plugins/com.st.stm32cube.ide.mcu.externaltools.gnu-tools-for-stm32.7-2018-q2-update.win32_1.5.0.202011040924/tools/bin/../lib/gcc/arm-none-eabi/7.3.1/thumb/v7e-m/fpv4-sp/hard/crti.o
                0x00000000080091ec                _fini
 .fini          0x00000000080091f0        0x8 c:/st/stm32cubeide_1.3.0/stm32cubeide/plugins/com.st.stm32cube.ide.mcu.externaltools.gnu-tools-for-stm32.7-2018-q2-update.win32_1.5.0.202011040924/tools/bin/../lib/gcc/arm-none-eabi/7.3.1/thumb/v7e-m/fpv4-sp/hard/crtn.o
                0x00000000080091f8                . = ALIGN (0x4)
                0x00000000080091f8                _etext = .

.vfp11_veneer   0x00000000080091f8        0x0
 .vfp11_veneer  0x00000000080091f8        0x0 linker stubs

.v4_bx          0x00000000080091f8        0x0
 .v4_bx         0x00000000080091f8        0x0 linker stubs

.iplt           0x00000000080091f8        0x0
 .iplt          0x00000000080091f8        0x0 c:/st/stm32cubeide_1.3.0/stm32cubeide/plugins/com.st.stm32cube.ide.mcu.externaltools.gnu-tools-for-stm32.7-2018-q2-update.win32_1.5.0.202011040924/tools/bin/../lib/gcc/arm-none-eabi/7.3.1/thumb/v7e-m/fpv4-sp/hard/crtbegin.o

.rodata         0x00000000080091f8     0x192c
                0x00000000080091f8                . = ALIGN (0x4)
 *(.rodata)
 .rodata        0x00000000080091f8      0x359 Core/Src/main.o
 *fill*         0x0000000008009551        0x3 
 .rodata        0x0000000008009554      0x372 Core/TraceAnalyzer/trcKernelPort.o
 *fill*         0x00000000080098c6        0x2 
 .rodata        0x00000000080098c8     0x10d4 Core/TraceAnalyzer/trcSnapshotRecorder.o
 .rodata        0x000000000800a99c        0x5 Middlewares/Third_Party/FreeRTOS/Source/tasks.o
 *fill*         0x000000000800a9a1        0x3 
 .rodata        0x000000000800a9a4        0xd Middlewares/Third_Party/FreeRTOS/Source/timers.o
 *(.rodata*)
 *fill*         0x000000000800a9b1        0x3 
 .rodata.Task_Tache_arri_attributes
                0x000000000800a9b4       0x24 Core/Src/main.o
                0x000000000800a9b4                Task_Tache_arri_attributes
 .rodata.Task_Tache_lect_attributes
                0x000000000800a9d8       0x24 Core/Src/main.o
                0x000000000800a9d8                Task_Tache_lect_attributes
 .rodata.Task_Tache_rele_attributes
                0x000000000800a9fc       0x24 Core/Src/main.o
                0x000000000800a9fc                Task_Tache_rele_attributes
 .rodata.Task_Tache_depa_attributes
                0x000000000800aa20       0x24 Core/Src/main.o
                0x000000000800aa20                Task_Tache_depa_attributes
 .rodata.Task_Tache_inte_attributes
                0x000000000800aa44       0x24 Core/Src/main.o
                0x000000000800aa44                Task_Tache_inte_attributes
 .rodata.File_tapis_arrivee_attributes
                0x000000000800aa68       0x18 Core/Src/main.o
                0x000000000800aa68                File_tapis_arrivee_attributes
 .rodata.File_tapis_relecture_attributes
                0x000000000800aa80       0x18 Core/Src/main.o
                0x000000000800aa80                File_tapis_relecture_attributes
 .rodata.File_depart_national_attributes
                0x000000000800aa98       0x18 Core/Src/main.o
                0x000000000800aa98                File_depart_national_attributes
 .rodata.File_depart_international_attributes
                0x000000000800aab0       0x18 Core/Src/main.o
                0x000000000800aab0                File_depart_international_attributes
 .rodata.Mutex_attributes
                0x000000000800aac8       0x10 Core/Src/main.o
                0x000000000800aac8                Mutex_attributes
 .rodata.AHBPrescTable
                0x000000000800aad8       0x10 Core/Src/system_stm32f4xx.o
                0x000000000800aad8                AHBPrescTable
 .rodata.APBPrescTable
                0x000000000800aae8        0x8 Core/Src/system_stm32f4xx.o
                0x000000000800aae8                APBPrescTable
 .rodata._svfprintf_r.str1.1
                0x000000000800aaf0       0x11 c:/st/stm32cubeide_1.3.0/stm32cubeide/plugins/com.st.stm32cube.ide.mcu.externaltools.gnu-tools-for-stm32.7-2018-q2-update.win32_1.5.0.202011040924/tools/bin/../lib/gcc/arm-none-eabi/7.3.1/../../../../arm-none-eabi/lib/thumb/v7e-m/fpv4-sp/hard\libc_nano.a(lib_a-nano-svfprintf.o)
 .rodata._printf_i.str1.1
                0x000000000800ab01       0x22 c:/st/stm32cubeide_1.3.0/stm32cubeide/plugins/com.st.stm32cube.ide.mcu.externaltools.gnu-tools-for-stm32.7-2018-q2-update.win32_1.5.0.202011040924/tools/bin/../lib/gcc/arm-none-eabi/7.3.1/../../../../arm-none-eabi/lib/thumb/v7e-m/fpv4-sp/hard\libc_nano.a(lib_a-nano-vfprintf_i.o)
                0x000000000800ab24                . = ALIGN (0x4)
 *fill*         0x000000000800ab23        0x1 

.ARM.extab      0x000000000800ab24        0x0
                0x000000000800ab24                . = ALIGN (0x4)
 *(.ARM.extab* .gnu.linkonce.armextab.*)
                0x000000000800ab24                . = ALIGN (0x4)

.ARM            0x000000000800ab24        0x8
                0x000000000800ab24                . = ALIGN (0x4)
                0x000000000800ab24                __exidx_start = .
 *(.ARM.exidx*)
 .ARM.exidx     0x000000000800ab24        0x8 c:/st/stm32cubeide_1.3.0/stm32cubeide/plugins/com.st.stm32cube.ide.mcu.externaltools.gnu-tools-for-stm32.7-2018-q2-update.win32_1.5.0.202011040924/tools/bin/../lib/gcc/arm-none-eabi/7.3.1/thumb/v7e-m/fpv4-sp/hard\libgcc.a(_udivmoddi4.o)
                0x000000000800ab2c                __exidx_end = .
                0x000000000800ab2c                . = ALIGN (0x4)

.rel.dyn        0x000000000800ab2c        0x0
 .rel.iplt      0x000000000800ab2c        0x0 c:/st/stm32cubeide_1.3.0/stm32cubeide/plugins/com.st.stm32cube.ide.mcu.externaltools.gnu-tools-for-stm32.7-2018-q2-update.win32_1.5.0.202011040924/tools/bin/../lib/gcc/arm-none-eabi/7.3.1/thumb/v7e-m/fpv4-sp/hard/crtbegin.o

.preinit_array  0x000000000800ab2c        0x0
                0x000000000800ab2c                . = ALIGN (0x4)
                0x000000000800ab2c                PROVIDE (__preinit_array_start = .)
 *(.preinit_array*)
                0x000000000800ab2c                PROVIDE (__preinit_array_end = .)
                0x000000000800ab2c                . = ALIGN (0x4)

.init_array     0x000000000800ab2c        0x4
                0x000000000800ab2c                . = ALIGN (0x4)
                0x000000000800ab2c                PROVIDE (__init_array_start = .)
 *(SORT_BY_NAME(.init_array.*))
 *(.init_array*)
 .init_array    0x000000000800ab2c        0x4 c:/st/stm32cubeide_1.3.0/stm32cubeide/plugins/com.st.stm32cube.ide.mcu.externaltools.gnu-tools-for-stm32.7-2018-q2-update.win32_1.5.0.202011040924/tools/bin/../lib/gcc/arm-none-eabi/7.3.1/thumb/v7e-m/fpv4-sp/hard/crtbegin.o
                0x000000000800ab30                PROVIDE (__init_array_end = .)
                0x000000000800ab30                . = ALIGN (0x4)

.fini_array     0x000000000800ab30        0x4
                0x000000000800ab30                . = ALIGN (0x4)
                [!provide]                        PROVIDE (__fini_array_start = .)
 *(SORT_BY_NAME(.fini_array.*))
 *(.fini_array*)
 .fini_array    0x000000000800ab30        0x4 c:/st/stm32cubeide_1.3.0/stm32cubeide/plugins/com.st.stm32cube.ide.mcu.externaltools.gnu-tools-for-stm32.7-2018-q2-update.win32_1.5.0.202011040924/tools/bin/../lib/gcc/arm-none-eabi/7.3.1/thumb/v7e-m/fpv4-sp/hard/crtbegin.o
                [!provide]                        PROVIDE (__fini_array_end = .)
                0x000000000800ab34                . = ALIGN (0x4)
                0x000000000800ab34                _sidata = LOADADDR (.data)

.data           0x0000000020000000       0x80 load address 0x000000000800ab34
                0x0000000020000000                . = ALIGN (0x4)
                0x0000000020000000                _sdata = .
 *(.data)
 *(.data*)
 .data.SystemCoreClock
                0x0000000020000000        0x4 Core/Src/system_stm32f4xx.o
                0x0000000020000000                SystemCoreClock
 .data.TraceQueueClassTable
                0x0000000020000004        0x5 Core/TraceAnalyzer/trcKernelPort.o
                0x0000000020000004                TraceQueueClassTable
 *fill*         0x0000000020000009        0x3 
 .data.readyEventsEnabled
                0x000000002000000c        0x4 Core/TraceAnalyzer/trcSnapshotRecorder.o
 .data.uwTickPrio
                0x0000000020000010        0x4 Drivers/STM32F4xx_HAL_Driver/Src/stm32f4xx_hal.o
                0x0000000020000010                uwTickPrio
 .data.uwTickFreq
                0x0000000020000014        0x1 Drivers/STM32F4xx_HAL_Driver/Src/stm32f4xx_hal.o
                0x0000000020000014                uwTickFreq
 *fill*         0x0000000020000015        0x3 
 .data.uxCriticalNesting
                0x0000000020000018        0x4 Middlewares/Third_Party/FreeRTOS/Source/portable/GCC/ARM_CM4F/port.o
 .data._impure_ptr
                0x000000002000001c        0x4 c:/st/stm32cubeide_1.3.0/stm32cubeide/plugins/com.st.stm32cube.ide.mcu.externaltools.gnu-tools-for-stm32.7-2018-q2-update.win32_1.5.0.202011040924/tools/bin/../lib/gcc/arm-none-eabi/7.3.1/../../../../arm-none-eabi/lib/thumb/v7e-m/fpv4-sp/hard\libc_nano.a(lib_a-impure.o)
                0x000000002000001c                _impure_ptr
 .data.impure_data
                0x0000000020000020       0x60 c:/st/stm32cubeide_1.3.0/stm32cubeide/plugins/com.st.stm32cube.ide.mcu.externaltools.gnu-tools-for-stm32.7-2018-q2-update.win32_1.5.0.202011040924/tools/bin/../lib/gcc/arm-none-eabi/7.3.1/../../../../arm-none-eabi/lib/thumb/v7e-m/fpv4-sp/hard\libc_nano.a(lib_a-impure.o)
 *(.RamFunc)
 *(.RamFunc*)
                0x0000000020000080                . = ALIGN (0x4)
                0x0000000020000080                _edata = .

.igot.plt       0x0000000020000080        0x0 load address 0x000000000800abb4
 .igot.plt      0x0000000020000080        0x0 c:/st/stm32cubeide_1.3.0/stm32cubeide/plugins/com.st.stm32cube.ide.mcu.externaltools.gnu-tools-for-stm32.7-2018-q2-update.win32_1.5.0.202011040924/tools/bin/../lib/gcc/arm-none-eabi/7.3.1/thumb/v7e-m/fpv4-sp/hard/crtbegin.o
                0x0000000020000080                . = ALIGN (0x4)

.bss            0x0000000020000080     0x6418 load address 0x000000000800abb4
                0x0000000020000080                _sbss = .
                0x0000000020000080                __bss_start__ = _sbss
 *(.bss)
 .bss           0x0000000020000080       0x1c c:/st/stm32cubeide_1.3.0/stm32cubeide/plugins/com.st.stm32cube.ide.mcu.externaltools.gnu-tools-for-stm32.7-2018-q2-update.win32_1.5.0.202011040924/tools/bin/../lib/gcc/arm-none-eabi/7.3.1/thumb/v7e-m/fpv4-sp/hard/crtbegin.o
 *(.bss*)
 .bss.__sbrk_heap_end
                0x000000002000009c        0x4 Core/Src/sysmem.o
 .bss.isPendingContextSwitch
                0x00000000200000a0        0x4 Core/TraceAnalyzer/trcSnapshotRecorder.o
                0x00000000200000a0                isPendingContextSwitch
 .bss.uiTraceTickCount
                0x00000000200000a4        0x4 Core/TraceAnalyzer/trcSnapshotRecorder.o
                0x00000000200000a4                uiTraceTickCount
 .bss.trace_disable_timestamp
                0x00000000200000a8        0x4 Core/TraceAnalyzer/trcSnapshotRecorder.o
                0x00000000200000a8                trace_disable_timestamp
 .bss.last_timestamp
                0x00000000200000ac        0x4 Core/TraceAnalyzer/trcSnapshotRecorder.o
 .bss.uiTraceSystemState
                0x00000000200000b0        0x4 Core/TraceAnalyzer/trcSnapshotRecorder.o
                0x00000000200000b0                uiTraceSystemState
 .bss.recorder_busy
                0x00000000200000b4        0x4 Core/TraceAnalyzer/trcSnapshotRecorder.o
                0x00000000200000b4                recorder_busy
 .bss.timestampFrequency
                0x00000000200000b8        0x4 Core/TraceAnalyzer/trcSnapshotRecorder.o
                0x00000000200000b8                timestampFrequency
 .bss.handle_of_last_logged_task
                0x00000000200000bc        0x1 Core/TraceAnalyzer/trcSnapshotRecorder.o
                0x00000000200000bc                handle_of_last_logged_task
 *fill*         0x00000000200000bd        0x3 
 .bss.vTraceStopHookPtr
                0x00000000200000c0        0x4 Core/TraceAnalyzer/trcSnapshotRecorder.o
                0x00000000200000c0                vTraceStopHookPtr
 .bss.RecorderInitialized
                0x00000000200000c4        0x4 Core/TraceAnalyzer/trcSnapshotRecorder.o
                0x00000000200000c4                RecorderInitialized
 .bss.indexOfHandle.8996
                0x00000000200000c8        0x4 Core/TraceAnalyzer/trcSnapshotRecorder.o
 .bss.idx.9023  0x00000000200000cc        0x2 Core/TraceAnalyzer/trcSnapshotRecorder.o
 *fill*         0x00000000200000ce        0x2 
 .bss.old_timestamp.9059
                0x00000000200000d0        0x4 Core/TraceAnalyzer/trcSnapshotRecorder.o
 .bss.last_hwtc_count.9097
                0x00000000200000d4        0x4 Core/TraceAnalyzer/trcSnapshotRecorder.o
 .bss.last_hwtc_rest.9099
                0x00000000200000d8        0x4 Core/TraceAnalyzer/trcSnapshotRecorder.o
 .bss.KernelState
                0x00000000200000dc        0x4 Middlewares/Third_Party/FreeRTOS/Source/CMSIS_RTOS_V2/cmsis_os2.o
 .bss.Idle_TCB  0x00000000200000e0       0x5c Middlewares/Third_Party/FreeRTOS/Source/CMSIS_RTOS_V2/cmsis_os2.o
 .bss.Idle_Stack
                0x000000002000013c      0x200 Middlewares/Third_Party/FreeRTOS/Source/CMSIS_RTOS_V2/cmsis_os2.o
 .bss.Timer_TCB
                0x000000002000033c       0x5c Middlewares/Third_Party/FreeRTOS/Source/CMSIS_RTOS_V2/cmsis_os2.o
 .bss.Timer_Stack
                0x0000000020000398      0x400 Middlewares/Third_Party/FreeRTOS/Source/CMSIS_RTOS_V2/cmsis_os2.o
 .bss.pxCurrentTCB
                0x0000000020000798        0x4 Middlewares/Third_Party/FreeRTOS/Source/tasks.o
                0x0000000020000798                pxCurrentTCB
 .bss.pxReadyTasksLists
                0x000000002000079c      0x460 Middlewares/Third_Party/FreeRTOS/Source/tasks.o
 .bss.xDelayedTaskList1
                0x0000000020000bfc       0x14 Middlewares/Third_Party/FreeRTOS/Source/tasks.o
 .bss.xDelayedTaskList2
                0x0000000020000c10       0x14 Middlewares/Third_Party/FreeRTOS/Source/tasks.o
 .bss.pxDelayedTaskList
                0x0000000020000c24        0x4 Middlewares/Third_Party/FreeRTOS/Source/tasks.o
 .bss.pxOverflowDelayedTaskList
                0x0000000020000c28        0x4 Middlewares/Third_Party/FreeRTOS/Source/tasks.o
 .bss.xPendingReadyList
                0x0000000020000c2c       0x14 Middlewares/Third_Party/FreeRTOS/Source/tasks.o
 .bss.xTasksWaitingTermination
                0x0000000020000c40       0x14 Middlewares/Third_Party/FreeRTOS/Source/tasks.o
 .bss.uxDeletedTasksWaitingCleanUp
                0x0000000020000c54        0x4 Middlewares/Third_Party/FreeRTOS/Source/tasks.o
 .bss.xSuspendedTaskList
                0x0000000020000c58       0x14 Middlewares/Third_Party/FreeRTOS/Source/tasks.o
 .bss.uxCurrentNumberOfTasks
                0x0000000020000c6c        0x4 Middlewares/Third_Party/FreeRTOS/Source/tasks.o
 .bss.xTickCount
                0x0000000020000c70        0x4 Middlewares/Third_Party/FreeRTOS/Source/tasks.o
 .bss.uxTopReadyPriority
                0x0000000020000c74        0x4 Middlewares/Third_Party/FreeRTOS/Source/tasks.o
 .bss.xSchedulerRunning
                0x0000000020000c78        0x4 Middlewares/Third_Party/FreeRTOS/Source/tasks.o
 .bss.uxPendedTicks
                0x0000000020000c7c        0x4 Middlewares/Third_Party/FreeRTOS/Source/tasks.o
 .bss.xYieldPending
                0x0000000020000c80        0x4 Middlewares/Third_Party/FreeRTOS/Source/tasks.o
 .bss.xNumOfOverflows
                0x0000000020000c84        0x4 Middlewares/Third_Party/FreeRTOS/Source/tasks.o
 .bss.uxTaskNumber
                0x0000000020000c88        0x4 Middlewares/Third_Party/FreeRTOS/Source/tasks.o
 .bss.xNextTaskUnblockTime
                0x0000000020000c8c        0x4 Middlewares/Third_Party/FreeRTOS/Source/tasks.o
 .bss.xIdleTaskHandle
                0x0000000020000c90        0x4 Middlewares/Third_Party/FreeRTOS/Source/tasks.o
 .bss.uxSchedulerSuspended
                0x0000000020000c94        0x4 Middlewares/Third_Party/FreeRTOS/Source/tasks.o
 .bss.xActiveTimerList1
                0x0000000020000c98       0x14 Middlewares/Third_Party/FreeRTOS/Source/timers.o
 .bss.xActiveTimerList2
                0x0000000020000cac       0x14 Middlewares/Third_Party/FreeRTOS/Source/timers.o
 .bss.pxCurrentTimerList
                0x0000000020000cc0        0x4 Middlewares/Third_Party/FreeRTOS/Source/timers.o
 .bss.pxOverflowTimerList
                0x0000000020000cc4        0x4 Middlewares/Third_Party/FreeRTOS/Source/timers.o
 .bss.xTimerQueue
                0x0000000020000cc8        0x4 Middlewares/Third_Party/FreeRTOS/Source/timers.o
 .bss.xTimerTaskHandle
                0x0000000020000ccc        0x4 Middlewares/Third_Party/FreeRTOS/Source/timers.o
 .bss.xLastTime.9465
                0x0000000020000cd0        0x4 Middlewares/Third_Party/FreeRTOS/Source/timers.o
 .bss.ucStaticTimerQueueStorage.9516
                0x0000000020000cd4       0xa0 Middlewares/Third_Party/FreeRTOS/Source/timers.o
 .bss.xStaticTimerQueue.9515
                0x0000000020000d74       0x50 Middlewares/Third_Party/FreeRTOS/Source/timers.o
 .bss.ucMaxSysCallPriority
                0x0000000020000dc4        0x1 Middlewares/Third_Party/FreeRTOS/Source/portable/GCC/ARM_CM4F/port.o
 *fill*         0x0000000020000dc5        0x3 
 .bss.ulMaxPRIGROUPValue
                0x0000000020000dc8        0x4 Middlewares/Third_Party/FreeRTOS/Source/portable/GCC/ARM_CM4F/port.o
 .bss.ucHeap    0x0000000020000dcc     0x3c00 Middlewares/Third_Party/FreeRTOS/Source/portable/MemMang/heap_4.o
 .bss.xStart    0x00000000200049cc        0x8 Middlewares/Third_Party/FreeRTOS/Source/portable/MemMang/heap_4.o
 .bss.pxEnd     0x00000000200049d4        0x4 Middlewares/Third_Party/FreeRTOS/Source/portable/MemMang/heap_4.o
 .bss.xFreeBytesRemaining
                0x00000000200049d8        0x4 Middlewares/Third_Party/FreeRTOS/Source/portable/MemMang/heap_4.o
 .bss.xMinimumEverFreeBytesRemaining
                0x00000000200049dc        0x4 Middlewares/Third_Party/FreeRTOS/Source/portable/MemMang/heap_4.o
 .bss.xBlockAllocatedBit
                0x00000000200049e0        0x4 Middlewares/Third_Party/FreeRTOS/Source/portable/MemMang/heap_4.o
 .bss.__malloc_free_list
                0x00000000200049e4        0x4 c:/st/stm32cubeide_1.3.0/stm32cubeide/plugins/com.st.stm32cube.ide.mcu.externaltools.gnu-tools-for-stm32.7-2018-q2-update.win32_1.5.0.202011040924/tools/bin/../lib/gcc/arm-none-eabi/7.3.1/../../../../arm-none-eabi/lib/thumb/v7e-m/fpv4-sp/hard\libc_nano.a(lib_a-nano-mallocr.o)
                0x00000000200049e4                __malloc_free_list
 .bss.__malloc_sbrk_start
                0x00000000200049e8        0x4 c:/st/stm32cubeide_1.3.0/stm32cubeide/plugins/com.st.stm32cube.ide.mcu.externaltools.gnu-tools-for-stm32.7-2018-q2-update.win32_1.5.0.202011040924/tools/bin/../lib/gcc/arm-none-eabi/7.3.1/../../../../arm-none-eabi/lib/thumb/v7e-m/fpv4-sp/hard\libc_nano.a(lib_a-nano-mallocr.o)
                0x00000000200049e8                __malloc_sbrk_start
 *(COMMON)
 COMMON         0x00000000200049ec       0x7c Core/Src/main.o
                0x00000000200049ec                File_depart_internationalHandle
                0x00000000200049f0                SemaphoreNational
                0x00000000200049f4                SemaphoreInternational
                0x00000000200049f8                MutexHandle
                0x00000000200049fc                SemaphoreReLecture
                0x0000000020004a00                File_tapis_relectureHandle
                0x0000000020004a04                Task_Tache_depaHandle
                0x0000000020004a08                Task_Tache_releHandle
                0x0000000020004a0c                Semaphore
                0x0000000020004a10                File_tapis_arriveeHandle
                0x0000000020004a14                SemaphoreLectureRapide
                0x0000000020004a18                huart2
                0x0000000020004a58                Task_Tache_lectHandle
                0x0000000020004a5c                File_depart_nationalHandle
                0x0000000020004a60                Task_Tache_inteHandle
                0x0000000020004a64                Task_Tache_arriHandle
 COMMON         0x0000000020004a68       0x40 Core/Src/stm32f4xx_hal_timebase_tim.o
                0x0000000020004a68                htim2
 COMMON         0x0000000020004aa8     0x19a6 Core/TraceAnalyzer/trcSnapshotRecorder.o
                0x0000000020004aa8                CurrentFilterMask
                0x0000000020004aac                RecorderDataPtr
                0x0000000020004ab0                RecorderData
                0x00000000200063b4                CurrentFilterGroup
                0x00000000200063b8                traceErrorMessage
                0x00000000200063bc                init_hwtc_count
                0x00000000200063c0                objectHandleStacks
 *fill*         0x000000002000644e        0x2 
 COMMON         0x0000000020006450        0x4 Drivers/STM32F4xx_HAL_Driver/Src/stm32f4xx_hal.o
                0x0000000020006450                uwTick
 COMMON         0x0000000020006454       0x40 Middlewares/Third_Party/FreeRTOS/Source/queue.o
                0x0000000020006454                xQueueRegistry
 COMMON         0x0000000020006494        0x4 c:/st/stm32cubeide_1.3.0/stm32cubeide/plugins/com.st.stm32cube.ide.mcu.externaltools.gnu-tools-for-stm32.7-2018-q2-update.win32_1.5.0.202011040924/tools/bin/../lib/gcc/arm-none-eabi/7.3.1/../../../../arm-none-eabi/lib/thumb/v7e-m/fpv4-sp/hard\libc_nano.a(lib_a-reent.o)
                0x0000000020006494                errno
                0x0000000020006498                . = ALIGN (0x4)
                0x0000000020006498                _ebss = .
                0x0000000020006498                __bss_end__ = _ebss

._user_heap_stack
                0x0000000020006498      0x600 load address 0x000000000800abb4
                0x0000000020006498                . = ALIGN (0x8)
                [!provide]                        PROVIDE (end = .)
                0x0000000020006498                PROVIDE (_end = .)
                0x0000000020006698                . = (. + _Min_Heap_Size)
 *fill*         0x0000000020006498      0x200 
                0x0000000020006a98                . = (. + _Min_Stack_Size)
 *fill*         0x0000000020006698      0x400 
                0x0000000020006a98                . = ALIGN (0x8)

/DISCARD/
 libc.a(*)
 libm.a(*)
 libgcc.a(*)

.ARM.attributes
                0x0000000000000000       0x30
 *(.ARM.attributes)
 .ARM.attributes
                0x0000000000000000       0x22 c:/st/stm32cubeide_1.3.0/stm32cubeide/plugins/com.st.stm32cube.ide.mcu.externaltools.gnu-tools-for-stm32.7-2018-q2-update.win32_1.5.0.202011040924/tools/bin/../lib/gcc/arm-none-eabi/7.3.1/thumb/v7e-m/fpv4-sp/hard/crti.o
 .ARM.attributes
                0x0000000000000022       0x34 c:/st/stm32cubeide_1.3.0/stm32cubeide/plugins/com.st.stm32cube.ide.mcu.externaltools.gnu-tools-for-stm32.7-2018-q2-update.win32_1.5.0.202011040924/tools/bin/../lib/gcc/arm-none-eabi/7.3.1/thumb/v7e-m/fpv4-sp/hard/crtbegin.o
 .ARM.attributes
                0x0000000000000056       0x39 Core/Src/main.o
 .ARM.attributes
                0x000000000000008f       0x39 Core/Src/stm32f4xx_hal_msp.o
 .ARM.attributes
                0x00000000000000c8       0x39 Core/Src/stm32f4xx_hal_timebase_tim.o
 .ARM.attributes
                0x0000000000000101       0x39 Core/Src/stm32f4xx_it.o
 .ARM.attributes
                0x000000000000013a       0x39 Core/Src/sysmem.o
 .ARM.attributes
                0x0000000000000173       0x39 Core/Src/system_stm32f4xx.o
 .ARM.attributes
                0x00000000000001ac       0x21 Core/Startup/startup_stm32f401retx.o
 .ARM.attributes
                0x00000000000001cd       0x39 Core/TraceAnalyzer/trcKernelPort.o
 .ARM.attributes
                0x0000000000000206       0x39 Core/TraceAnalyzer/trcSnapshotRecorder.o
 .ARM.attributes
                0x000000000000023f       0x39 Drivers/STM32F4xx_HAL_Driver/Src/stm32f4xx_hal.o
 .ARM.attributes
                0x0000000000000278       0x39 Drivers/STM32F4xx_HAL_Driver/Src/stm32f4xx_hal_cortex.o
 .ARM.attributes
                0x00000000000002b1       0x39 Drivers/STM32F4xx_HAL_Driver/Src/stm32f4xx_hal_gpio.o
 .ARM.attributes
                0x00000000000002ea       0x39 Drivers/STM32F4xx_HAL_Driver/Src/stm32f4xx_hal_rcc.o
 .ARM.attributes
                0x0000000000000323       0x39 Drivers/STM32F4xx_HAL_Driver/Src/stm32f4xx_hal_tim.o
 .ARM.attributes
                0x000000000000035c       0x39 Drivers/STM32F4xx_HAL_Driver/Src/stm32f4xx_hal_tim_ex.o
 .ARM.attributes
                0x0000000000000395       0x39 Drivers/STM32F4xx_HAL_Driver/Src/stm32f4xx_hal_uart.o
 .ARM.attributes
                0x00000000000003ce       0x39 Middlewares/Third_Party/FreeRTOS/Source/CMSIS_RTOS_V2/cmsis_os2.o
 .ARM.attributes
                0x0000000000000407       0x39 Middlewares/Third_Party/FreeRTOS/Source/list.o
 .ARM.attributes
                0x0000000000000440       0x39 Middlewares/Third_Party/FreeRTOS/Source/queue.o
 .ARM.attributes
                0x0000000000000479       0x39 Middlewares/Third_Party/FreeRTOS/Source/tasks.o
 .ARM.attributes
                0x00000000000004b2       0x39 Middlewares/Third_Party/FreeRTOS/Source/timers.o
 .ARM.attributes
                0x00000000000004eb       0x39 Middlewares/Third_Party/FreeRTOS/Source/portable/GCC/ARM_CM4F/port.o
 .ARM.attributes
                0x0000000000000524       0x39 Middlewares/Third_Party/FreeRTOS/Source/portable/MemMang/heap_4.o
 .ARM.attributes
                0x000000000000055d       0x34 c:/st/stm32cubeide_1.3.0/stm32cubeide/plugins/com.st.stm32cube.ide.mcu.externaltools.gnu-tools-for-stm32.7-2018-q2-update.win32_1.5.0.202011040924/tools/bin/../lib/gcc/arm-none-eabi/7.3.1/../../../../arm-none-eabi/lib/thumb/v7e-m/fpv4-sp/hard\libc_nano.a(lib_a-errno.o)
 .ARM.attributes
                0x0000000000000591       0x34 c:/st/stm32cubeide_1.3.0/stm32cubeide/plugins/com.st.stm32cube.ide.mcu.externaltools.gnu-tools-for-stm32.7-2018-q2-update.win32_1.5.0.202011040924/tools/bin/../lib/gcc/arm-none-eabi/7.3.1/../../../../arm-none-eabi/lib/thumb/v7e-m/fpv4-sp/hard\libc_nano.a(lib_a-impure.o)
 .ARM.attributes
                0x00000000000005c5       0x34 c:/st/stm32cubeide_1.3.0/stm32cubeide/plugins/com.st.stm32cube.ide.mcu.externaltools.gnu-tools-for-stm32.7-2018-q2-update.win32_1.5.0.202011040924/tools/bin/../lib/gcc/arm-none-eabi/7.3.1/../../../../arm-none-eabi/lib/thumb/v7e-m/fpv4-sp/hard\libc_nano.a(lib_a-init.o)
 .ARM.attributes
                0x00000000000005f9       0x34 c:/st/stm32cubeide_1.3.0/stm32cubeide/plugins/com.st.stm32cube.ide.mcu.externaltools.gnu-tools-for-stm32.7-2018-q2-update.win32_1.5.0.202011040924/tools/bin/../lib/gcc/arm-none-eabi/7.3.1/../../../../arm-none-eabi/lib/thumb/v7e-m/fpv4-sp/hard\libc_nano.a(lib_a-memcpy-stub.o)
 .ARM.attributes
                0x000000000000062d       0x34 c:/st/stm32cubeide_1.3.0/stm32cubeide/plugins/com.st.stm32cube.ide.mcu.externaltools.gnu-tools-for-stm32.7-2018-q2-update.win32_1.5.0.202011040924/tools/bin/../lib/gcc/arm-none-eabi/7.3.1/../../../../arm-none-eabi/lib/thumb/v7e-m/fpv4-sp/hard\libc_nano.a(lib_a-memset.o)
 .ARM.attributes
                0x0000000000000661       0x34 c:/st/stm32cubeide_1.3.0/stm32cubeide/plugins/com.st.stm32cube.ide.mcu.externaltools.gnu-tools-for-stm32.7-2018-q2-update.win32_1.5.0.202011040924/tools/bin/../lib/gcc/arm-none-eabi/7.3.1/../../../../arm-none-eabi/lib/thumb/v7e-m/fpv4-sp/hard\libc_nano.a(lib_a-sprintf.o)
 .ARM.attributes
                0x0000000000000695       0x1b c:/st/stm32cubeide_1.3.0/stm32cubeide/plugins/com.st.stm32cube.ide.mcu.externaltools.gnu-tools-for-stm32.7-2018-q2-update.win32_1.5.0.202011040924/tools/bin/../lib/gcc/arm-none-eabi/7.3.1/../../../../arm-none-eabi/lib/thumb/v7e-m/fpv4-sp/hard\libc_nano.a(lib_a-strlen.o)
 .ARM.attributes
                0x00000000000006b0       0x34 c:/st/stm32cubeide_1.3.0/stm32cubeide/plugins/com.st.stm32cube.ide.mcu.externaltools.gnu-tools-for-stm32.7-2018-q2-update.win32_1.5.0.202011040924/tools/bin/../lib/gcc/arm-none-eabi/7.3.1/../../../../arm-none-eabi/lib/thumb/v7e-m/fpv4-sp/hard\libc_nano.a(lib_a-nano-svfprintf.o)
 .ARM.attributes
                0x00000000000006e4       0x34 c:/st/stm32cubeide_1.3.0/stm32cubeide/plugins/com.st.stm32cube.ide.mcu.externaltools.gnu-tools-for-stm32.7-2018-q2-update.win32_1.5.0.202011040924/tools/bin/../lib/gcc/arm-none-eabi/7.3.1/../../../../arm-none-eabi/lib/thumb/v7e-m/fpv4-sp/hard\libc_nano.a(lib_a-nano-vfprintf_i.o)
 .ARM.attributes
                0x0000000000000718       0x20 c:/st/stm32cubeide_1.3.0/stm32cubeide/plugins/com.st.stm32cube.ide.mcu.externaltools.gnu-tools-for-stm32.7-2018-q2-update.win32_1.5.0.202011040924/tools/bin/../lib/gcc/arm-none-eabi/7.3.1/../../../../arm-none-eabi/lib/thumb/v7e-m/fpv4-sp/hard\libc_nano.a(lib_a-memchr.o)
 .ARM.attributes
                0x0000000000000738       0x34 c:/st/stm32cubeide_1.3.0/stm32cubeide/plugins/com.st.stm32cube.ide.mcu.externaltools.gnu-tools-for-stm32.7-2018-q2-update.win32_1.5.0.202011040924/tools/bin/../lib/gcc/arm-none-eabi/7.3.1/../../../../arm-none-eabi/lib/thumb/v7e-m/fpv4-sp/hard\libc_nano.a(lib_a-memmove.o)
 .ARM.attributes
                0x000000000000076c       0x34 c:/st/stm32cubeide_1.3.0/stm32cubeide/plugins/com.st.stm32cube.ide.mcu.externaltools.gnu-tools-for-stm32.7-2018-q2-update.win32_1.5.0.202011040924/tools/bin/../lib/gcc/arm-none-eabi/7.3.1/../../../../arm-none-eabi/lib/thumb/v7e-m/fpv4-sp/hard\libc_nano.a(lib_a-nano-freer.o)
 .ARM.attributes
                0x00000000000007a0       0x34 c:/st/stm32cubeide_1.3.0/stm32cubeide/plugins/com.st.stm32cube.ide.mcu.externaltools.gnu-tools-for-stm32.7-2018-q2-update.win32_1.5.0.202011040924/tools/bin/../lib/gcc/arm-none-eabi/7.3.1/../../../../arm-none-eabi/lib/thumb/v7e-m/fpv4-sp/hard\libc_nano.a(lib_a-nano-mallocr.o)
 .ARM.attributes
                0x00000000000007d4       0x34 c:/st/stm32cubeide_1.3.0/stm32cubeide/plugins/com.st.stm32cube.ide.mcu.externaltools.gnu-tools-for-stm32.7-2018-q2-update.win32_1.5.0.202011040924/tools/bin/../lib/gcc/arm-none-eabi/7.3.1/../../../../arm-none-eabi/lib/thumb/v7e-m/fpv4-sp/hard\libc_nano.a(lib_a-nano-reallocr.o)
 .ARM.attributes
                0x0000000000000808       0x34 c:/st/stm32cubeide_1.3.0/stm32cubeide/plugins/com.st.stm32cube.ide.mcu.externaltools.gnu-tools-for-stm32.7-2018-q2-update.win32_1.5.0.202011040924/tools/bin/../lib/gcc/arm-none-eabi/7.3.1/../../../../arm-none-eabi/lib/thumb/v7e-m/fpv4-sp/hard\libc_nano.a(lib_a-sbrkr.o)
 .ARM.attributes
                0x000000000000083c       0x34 c:/st/stm32cubeide_1.3.0/stm32cubeide/plugins/com.st.stm32cube.ide.mcu.externaltools.gnu-tools-for-stm32.7-2018-q2-update.win32_1.5.0.202011040924/tools/bin/../lib/gcc/arm-none-eabi/7.3.1/../../../../arm-none-eabi/lib/thumb/v7e-m/fpv4-sp/hard\libc_nano.a(lib_a-mlock.o)
 .ARM.attributes
                0x0000000000000870       0x34 c:/st/stm32cubeide_1.3.0/stm32cubeide/plugins/com.st.stm32cube.ide.mcu.externaltools.gnu-tools-for-stm32.7-2018-q2-update.win32_1.5.0.202011040924/tools/bin/../lib/gcc/arm-none-eabi/7.3.1/../../../../arm-none-eabi/lib/thumb/v7e-m/fpv4-sp/hard\libc_nano.a(lib_a-nano-msizer.o)
 .ARM.attributes
                0x00000000000008a4       0x34 c:/st/stm32cubeide_1.3.0/stm32cubeide/plugins/com.st.stm32cube.ide.mcu.externaltools.gnu-tools-for-stm32.7-2018-q2-update.win32_1.5.0.202011040924/tools/bin/../lib/gcc/arm-none-eabi/7.3.1/../../../../arm-none-eabi/lib/thumb/v7e-m/fpv4-sp/hard\libc_nano.a(lib_a-reent.o)
 .ARM.attributes
                0x00000000000008d8       0x22 c:/st/stm32cubeide_1.3.0/stm32cubeide/plugins/com.st.stm32cube.ide.mcu.externaltools.gnu-tools-for-stm32.7-2018-q2-update.win32_1.5.0.202011040924/tools/bin/../lib/gcc/arm-none-eabi/7.3.1/thumb/v7e-m/fpv4-sp/hard\libgcc.a(_aeabi_uldivmod.o)
 .ARM.attributes
                0x00000000000008fa       0x34 c:/st/stm32cubeide_1.3.0/stm32cubeide/plugins/com.st.stm32cube.ide.mcu.externaltools.gnu-tools-for-stm32.7-2018-q2-update.win32_1.5.0.202011040924/tools/bin/../lib/gcc/arm-none-eabi/7.3.1/thumb/v7e-m/fpv4-sp/hard\libgcc.a(_udivmoddi4.o)
 .ARM.attributes
                0x000000000000092e       0x22 c:/st/stm32cubeide_1.3.0/stm32cubeide/plugins/com.st.stm32cube.ide.mcu.externaltools.gnu-tools-for-stm32.7-2018-q2-update.win32_1.5.0.202011040924/tools/bin/../lib/gcc/arm-none-eabi/7.3.1/thumb/v7e-m/fpv4-sp/hard\libgcc.a(_dvmd_tls.o)
 .ARM.attributes
                0x0000000000000950       0x22 c:/st/stm32cubeide_1.3.0/stm32cubeide/plugins/com.st.stm32cube.ide.mcu.externaltools.gnu-tools-for-stm32.7-2018-q2-update.win32_1.5.0.202011040924/tools/bin/../lib/gcc/arm-none-eabi/7.3.1/thumb/v7e-m/fpv4-sp/hard/crtn.o
OUTPUT(TraceAnalyzer.elf elf32-littlearm)

.debug_info     0x0000000000000000    0x1e292
 .debug_info    0x0000000000000000     0x21d4 Core/Src/main.o
 .debug_info    0x00000000000021d4      0xaf1 Core/Src/stm32f4xx_hal_msp.o
 .debug_info    0x0000000000002cc5      0xab9 Core/Src/stm32f4xx_hal_timebase_tim.o
 .debug_info    0x000000000000377e      0x6b0 Core/Src/stm32f4xx_it.o
 .debug_info    0x0000000000003e2e      0x985 Core/Src/sysmem.o
 .debug_info    0x00000000000047b3      0x57e Core/Src/system_stm32f4xx.o
 .debug_info    0x0000000000004d31       0x22 Core/Startup/startup_stm32f401retx.o
 .debug_info    0x0000000000004d53      0x9fc Core/TraceAnalyzer/trcKernelPort.o
 .debug_info    0x000000000000574f     0x2b28 Core/TraceAnalyzer/trcSnapshotRecorder.o
 .debug_info    0x0000000000008277      0x8ce Drivers/STM32F4xx_HAL_Driver/Src/stm32f4xx_hal.o
 .debug_info    0x0000000000008b45      0xd92 Drivers/STM32F4xx_HAL_Driver/Src/stm32f4xx_hal_cortex.o
 .debug_info    0x00000000000098d7      0x7d7 Drivers/STM32F4xx_HAL_Driver/Src/stm32f4xx_hal_gpio.o
 .debug_info    0x000000000000a0ae      0x929 Drivers/STM32F4xx_HAL_Driver/Src/stm32f4xx_hal_rcc.o
 .debug_info    0x000000000000a9d7     0x24a1 Drivers/STM32F4xx_HAL_Driver/Src/stm32f4xx_hal_tim.o
 .debug_info    0x000000000000ce78     0x114f Drivers/STM32F4xx_HAL_Driver/Src/stm32f4xx_hal_tim_ex.o
 .debug_info    0x000000000000dfc7     0x1244 Drivers/STM32F4xx_HAL_Driver/Src/stm32f4xx_hal_uart.o
 .debug_info    0x000000000000f20b     0x466c Middlewares/Third_Party/FreeRTOS/Source/CMSIS_RTOS_V2/cmsis_os2.o
 .debug_info    0x0000000000013877     0x10e8 Middlewares/Third_Party/FreeRTOS/Source/list.o
 .debug_info    0x000000000001495f     0x2aa3 Middlewares/Third_Party/FreeRTOS/Source/queue.o
 .debug_info    0x0000000000017402     0x3085 Middlewares/Third_Party/FreeRTOS/Source/tasks.o
 .debug_info    0x000000000001a487     0x20c1 Middlewares/Third_Party/FreeRTOS/Source/timers.o
 .debug_info    0x000000000001c548      0xb59 Middlewares/Third_Party/FreeRTOS/Source/portable/GCC/ARM_CM4F/port.o
 .debug_info    0x000000000001d0a1     0x11f1 Middlewares/Third_Party/FreeRTOS/Source/portable/MemMang/heap_4.o

.debug_abbrev   0x0000000000000000     0x362a
 .debug_abbrev  0x0000000000000000      0x2d6 Core/Src/main.o
 .debug_abbrev  0x00000000000002d6      0x195 Core/Src/stm32f4xx_hal_msp.o
 .debug_abbrev  0x000000000000046b      0x1ac Core/Src/stm32f4xx_hal_timebase_tim.o
 .debug_abbrev  0x0000000000000617      0x169 Core/Src/stm32f4xx_it.o
 .debug_abbrev  0x0000000000000780      0x19b Core/Src/sysmem.o
 .debug_abbrev  0x000000000000091b      0x12b Core/Src/system_stm32f4xx.o
 .debug_abbrev  0x0000000000000a46       0x12 Core/Startup/startup_stm32f401retx.o
 .debug_abbrev  0x0000000000000a58      0x207 Core/TraceAnalyzer/trcKernelPort.o
 .debug_abbrev  0x0000000000000c5f      0x3be Core/TraceAnalyzer/trcSnapshotRecorder.o
 .debug_abbrev  0x000000000000101d      0x1f2 Drivers/STM32F4xx_HAL_Driver/Src/stm32f4xx_hal.o
 .debug_abbrev  0x000000000000120f      0x2fa Drivers/STM32F4xx_HAL_Driver/Src/stm32f4xx_hal_cortex.o
 .debug_abbrev  0x0000000000001509      0x1c9 Drivers/STM32F4xx_HAL_Driver/Src/stm32f4xx_hal_gpio.o
 .debug_abbrev  0x00000000000016d2      0x245 Drivers/STM32F4xx_HAL_Driver/Src/stm32f4xx_hal_rcc.o
 .debug_abbrev  0x0000000000001917      0x23f Drivers/STM32F4xx_HAL_Driver/Src/stm32f4xx_hal_tim.o
 .debug_abbrev  0x0000000000001b56      0x22d Drivers/STM32F4xx_HAL_Driver/Src/stm32f4xx_hal_tim_ex.o
 .debug_abbrev  0x0000000000001d83      0x251 Drivers/STM32F4xx_HAL_Driver/Src/stm32f4xx_hal_uart.o
 .debug_abbrev  0x0000000000001fd4      0x41f Middlewares/Third_Party/FreeRTOS/Source/CMSIS_RTOS_V2/cmsis_os2.o
 .debug_abbrev  0x00000000000023f3      0x21b Middlewares/Third_Party/FreeRTOS/Source/list.o
 .debug_abbrev  0x000000000000260e      0x3af Middlewares/Third_Party/FreeRTOS/Source/queue.o
 .debug_abbrev  0x00000000000029bd      0x3c0 Middlewares/Third_Party/FreeRTOS/Source/tasks.o
 .debug_abbrev  0x0000000000002d7d      0x323 Middlewares/Third_Party/FreeRTOS/Source/timers.o
 .debug_abbrev  0x00000000000030a0      0x2a2 Middlewares/Third_Party/FreeRTOS/Source/portable/GCC/ARM_CM4F/port.o
 .debug_abbrev  0x0000000000003342      0x2e8 Middlewares/Third_Party/FreeRTOS/Source/portable/MemMang/heap_4.o

.debug_aranges  0x0000000000000000     0x1590
 .debug_aranges
                0x0000000000000000       0x80 Core/Src/main.o
 .debug_aranges
                0x0000000000000080       0x30 Core/Src/stm32f4xx_hal_msp.o
 .debug_aranges
                0x00000000000000b0       0x30 Core/Src/stm32f4xx_hal_timebase_tim.o
 .debug_aranges
                0x00000000000000e0       0x50 Core/Src/stm32f4xx_it.o
 .debug_aranges
                0x0000000000000130       0x20 Core/Src/sysmem.o
 .debug_aranges
                0x0000000000000150       0x28 Core/Src/system_stm32f4xx.o
 .debug_aranges
                0x0000000000000178       0x28 Core/Startup/startup_stm32f401retx.o
 .debug_aranges
                0x00000000000001a0       0xb0 Core/TraceAnalyzer/trcKernelPort.o
 .debug_aranges
                0x0000000000000250      0x208 Core/TraceAnalyzer/trcSnapshotRecorder.o
 .debug_aranges