trcKernelPort.c:125:10:prvTraceGetQueueNumber	16	static
trcKernelPort.c:131:9:prvTraceGetQueueType	16	static
trcKernelPort.c:138:10:prvTraceGetTaskNumberLow16	16	static
trcKernelPort.c:143:10:prvTraceGetTaskNumberHigh16	16	static
trcKernelPort.c:148:6:prvTraceSetTaskNumberLow16	16	static
trcKernelPort.c:153:6:prvTraceSetTaskNumberHigh16	16	static
trcKernelPort.c:158:10:prvTraceGetQueueNumberLow16	16	static
trcKernelPort.c:163:10:prvTraceGetQueueNumberHigh16	16	static
trcKernelPort.c:168:6:prvTraceSetQueueNumberLow16	16	static
trcKernelPort.c:173:6:prvTraceSetQueueNumberHigh16	16	static
trcKernelPort.c:675:6:vTraceSetQueueName	16	static
trcKernelPort.c:688:6:vTraceSetSemaphoreName	16	static
trcKernelPort.c:701:6:vTraceSetMutexName	16	static
trcKernelPort.c:751:7:prvTraceGetCurrentTaskHandle	8	static
trcKernelPort.c:790:6:vTraceEnable	16	static
trcKernelPort.c:848:6:vTraceInitObjectPropertyTable	4	static
trcKernelPort.c:891:6:vTraceInitObjectHandleStack	16	static
trcKernelPort.c:927:13:pszTraceGetErrorNotEnoughHandles	16	static
trcKernelPort.c:961:15:prvTraceIsSchedulerSuspended	8	static
