trcSnapshotRecorder.c:324:6:vTraceSetStopHook	16	static
trcSnapshotRecorder.c:335:6:vTraceClear	24	static,ignoring_inline_asm
trcSnapshotRecorder.c:366:10:uiTraceStart	32	static,ignoring_inline_asm
trcSnapshotRecorder.c:416:6:vTraceStart	8	static
trcSnapshotRecorder.c:427:6:vTraceStop	8	static
trcSnapshotRecorder.c:444:5:xTraceIsRecordingEnabled	4	static
trcSnapshotRecorder.c:462:13:xTraceGetLastError	4	static
trcSnapshotRecorder.c:475:6:vTraceClearError	4	static
trcSnapshotRecorder.c:492:7:xTraceGetTraceBuffer	4	static
trcSnapshotRecorder.c:504:10:uiTraceGetTraceBufferSize	4	static
trcSnapshotRecorder.c:517:6:prvTraceInitTimestamps	4	static
trcSnapshotRecorder.c:527:13:prvTraceTaskInstanceFinish	40	static,ignoring_inline_asm
trcSnapshotRecorder.c:575:6:vTraceInstanceFinishedNext	8	static
trcSnapshotRecorder.c:604:6:vTraceInstanceFinishedNow	8	static
trcSnapshotRecorder.c:633:14:xTraceSetISRProperties	16	static
trcSnapshotRecorder.c:666:6:vTraceStoreISRBegin	40	static,ignoring_inline_asm
trcSnapshotRecorder.c:745:6:vTraceStoreISREnd	48	static,ignoring_inline_asm
trcSnapshotRecorder.c:836:16:writeInt8	16	static
trcSnapshotRecorder.c:857:16:writeInt16	16	static
trcSnapshotRecorder.c:885:16:writeInt32	24	static
trcSnapshotRecorder.c:981:16:prvTraceUserEventFormat	40	static
trcSnapshotRecorder.c:1414:6:vTracePrintF	28	static
trcSnapshotRecorder.c:1432:6:vTraceVPrintF	88	static,ignoring_inline_asm
trcSnapshotRecorder.c:1557:6:vTracePrint	40	static,ignoring_inline_asm
trcSnapshotRecorder.c:1613:13:xTraceRegisterString	16	static
trcSnapshotRecorder.c:1630:6:vTraceInitialize	8	static
trcSnapshotRecorder.c:1765:6:prvTraceSetReadyEventsEnabled	16	static
trcSnapshotRecorder.c:1775:6:prvTraceStoreTaskReady	40	static,ignoring_inline_asm
trcSnapshotRecorder.c:1839:6:prvTraceStoreLowPower	40	static,ignoring_inline_asm
trcSnapshotRecorder.c:1889:6:vTraceStoreMemMangEvent	64	static,ignoring_inline_asm
trcSnapshotRecorder.c:1974:6:prvTraceStoreKernelCall	48	static,ignoring_inline_asm
trcSnapshotRecorder.c:2032:6:prvTraceStoreKernelCallWithParam	48	static,ignoring_inline_asm
trcSnapshotRecorder.c:2092:17:prvTraceGetParam	24	static
trcSnapshotRecorder.c:2126:6:prvTraceStoreKernelCallWithNumericParamOnly	48	static,ignoring_inline_asm
trcSnapshotRecorder.c:2176:6:prvTraceStoreTaskswitch	40	static,ignoring_inline_asm
trcSnapshotRecorder.c:2236:6:prvTraceStoreObjectNameOnCloseEvent	40	static
trcSnapshotRecorder.c:2266:6:prvTraceStoreObjectPropertiesOnCloseEvent	32	static
trcSnapshotRecorder.c:2296:6:prvTraceSetPriorityProperty	24	static
trcSnapshotRecorder.c:2306:9:prvTraceGetPriorityProperty	24	static
trcSnapshotRecorder.c:2316:6:prvTraceSetObjectState	24	static
trcSnapshotRecorder.c:2326:9:prvTraceGetObjectState	24	static
trcSnapshotRecorder.c:2336:6:prvTraceSetTaskInstanceFinished	24	static
trcSnapshotRecorder.c:2346:7:prvTraceNextFreeEventBufferSlot	8	static
trcSnapshotRecorder.c:2363:10:uiIndexOfObject	16	static
trcSnapshotRecorder.c:2381:13:prvTraceGetObjectHandle	40	static,ignoring_inline_asm
trcSnapshotRecorder.c:2433:6:prvTraceFreeObjectHandle	24	static
trcSnapshotRecorder.c:2465:6:prvMarkObjectAsUsed	24	static
trcSnapshotRecorder.c:2476:13:prvStrncpy	32	static
trcSnapshotRecorder.c:2493:6:prvTraceSetObjectName	16	static
trcSnapshotRecorder.c:2531:13:prvTraceOpenSymbol	40	static,ignoring_inline_asm
trcSnapshotRecorder.c:2570:6:vTraceSetFrequency	16	static
trcSnapshotRecorder.c:2591:6:prvTraceError	16	static
trcSnapshotRecorder.c:2611:6:vTraceSetFilterMask	16	static
trcSnapshotRecorder.c:2616:6:vTraceSetFilterGroup	16	static
trcSnapshotRecorder.c:2637:6:prvCheckDataToBeOverwrittenForMultiEntryEvents	32	static
trcSnapshotRecorder.c:2682:6:prvTraceUpdateCounters	8	static
trcSnapshotRecorder.c:2718:10:prvTraceGetDTS	32	static
trcSnapshotRecorder.c:2836:13:prvTraceLookupSymbolTableEntry	24	static
trcSnapshotRecorder.c:2879:10:prvTraceCreateSymbolTableEntry	24	static
trcSnapshotRecorder.c:2940:6:prvTraceGetChecksum	40	static
trcSnapshotRecorder.c:3012:6:prvTraceInitCortexM	8	static
trcSnapshotRecorder.c:3077:6:prvTracePortGetTimeStamp	32	static
