main.c:158:5:main	8	static
main.c:263:6:SystemClock_Config	88	static
main.c:308:13:MX_USART2_UART_Init	8	static
main.c:341:13:MX_GPIO_Init	48	static
main.c:370:6:affiche_message	16	static
main.c:387:6:Tache_arrivee	160	static
main.c:422:6:Tache_lecture_rapide	72	static
main.c:484:6:Tache_relecture	72	static
main.c:531:6:Tache_depart_national	24	static
main.c:563:6:Tache_depart_international	24	static
main.c:597:6:HAL_TIM_PeriodElapsedCallback	16	static
main.c:614:6:Error_Handler	4	static,ignoring_inline_asm
